Analysis & Synthesis report for main_module
Sun Jun 02 01:51:55 2019
Quartus Prime Version 17.1.0 Build 590 10/25/2017 SJ Lite Edition


---------------------
; Table of Contents ;
---------------------
  1. Legal Notice
  2. Analysis & Synthesis Summary
  3. Analysis & Synthesis Settings
  4. Parallel Compilation
  5. Analysis & Synthesis Source Files Read
  6. Analysis & Synthesis Resource Usage Summary
  7. Analysis & Synthesis Resource Utilization by Entity
  8. General Register Statistics
  9. Inverted Register Statistics
 10. Multiplexer Restructuring Statistics (Restructuring Performed)
 11. Parameter Settings for User Entity Instance: counter_1s:uut
 12. Port Connectivity Checks: "counter_1s:uut"
 13. Port Connectivity Checks: "car_indicator:car"
 14. Analysis & Synthesis Messages



----------------
; Legal Notice ;
----------------
Copyright (C) 2017  Intel Corporation. All rights reserved.
Your use of Intel Corporation's design tools, logic functions 
and other software and tools, and its AMPP partner logic 
functions, and any output files from any of the foregoing 
(including device programming or simulation files), and any 
associated documentation or information are expressly subject 
to the terms and conditions of the Intel Program License 
Subscription Agreement, the Intel Quartus Prime License Agreement,
the Intel FPGA IP License Agreement, or other applicable license
agreement, including, without limitation, that your use is for
the sole purpose of programming logic devices manufactured by
Intel and sold by Intel or its authorized distributors.  Please
refer to the applicable agreement for further details.



+---------------------------------------------------------------------------+
; Analysis & Synthesis Summary                                              ;
+-----------------------------+---------------------------------------------+
; Analysis & Synthesis Status ; Successful - Sun Jun 02 01:51:55 2019       ;
; Quartus Prime Version       ; 17.1.0 Build 590 10/25/2017 SJ Lite Edition ;
; Revision Name               ; main_module                                 ;
; Top-level Entity Name       ; main_module                                 ;
; Family                      ; MAX II                                      ;
; Total logic elements        ; 195                                         ;
; Total pins                  ; 38                                          ;
; Total virtual pins          ; 0                                           ;
; UFM blocks                  ; 0 / 1 ( 0 % )                               ;
+-----------------------------+---------------------------------------------+


+----------------------------------------------------------------------------------------------------------------------+
; Analysis & Synthesis Settings                                                                                        ;
+----------------------------------------------------------------------------+--------------------+--------------------+
; Option                                                                     ; Setting            ; Default Value      ;
+----------------------------------------------------------------------------+--------------------+--------------------+
; Device                                                                     ; EPM1270F256C5      ;                    ;
; Top-level entity name                                                      ; main_module        ; main_module        ;
; Family name                                                                ; MAX II             ; Cyclone V          ;
; Use smart compilation                                                      ; Off                ; Off                ;
; Enable parallel Assembler and TimeQuest Timing Analyzer during compilation ; On                 ; On                 ;
; Enable compact report table                                                ; Off                ; Off                ;
; Restructure Multiplexers                                                   ; Auto               ; Auto               ;
; Create Debugging Nodes for IP Cores                                        ; Off                ; Off                ;
; Preserve fewer node names                                                  ; On                 ; On                 ;
; Intel FPGA IP Evaluation Mode                                              ; Enable             ; Enable             ;
; Verilog Version                                                            ; Verilog_2001       ; Verilog_2001       ;
; VHDL Version                                                               ; VHDL_1993          ; VHDL_1993          ;
; State Machine Processing                                                   ; Auto               ; Auto               ;
; Safe State Machine                                                         ; Off                ; Off                ;
; Extract Verilog State Machines                                             ; On                 ; On                 ;
; Extract VHDL State Machines                                                ; On                 ; On                 ;
; Ignore Verilog initial constructs                                          ; Off                ; Off                ;
; Iteration limit for constant Verilog loops                                 ; 5000               ; 5000               ;
; Iteration limit for non-constant Verilog loops                             ; 250                ; 250                ;
; Add Pass-Through Logic to Inferred RAMs                                    ; On                 ; On                 ;
; Infer RAMs from Raw Logic                                                  ; On                 ; On                 ;
; Parallel Synthesis                                                         ; On                 ; On                 ;
; NOT Gate Push-Back                                                         ; On                 ; On                 ;
; Power-Up Don't Care                                                        ; On                 ; On                 ;
; Remove Redundant Logic Cells                                               ; Off                ; Off                ;
; Remove Duplicate Registers                                                 ; On                 ; On                 ;
; Ignore CARRY Buffers                                                       ; Off                ; Off                ;
; Ignore CASCADE Buffers                                                     ; Off                ; Off                ;
; Ignore GLOBAL Buffers                                                      ; Off                ; Off                ;
; Ignore ROW GLOBAL Buffers                                                  ; Off                ; Off                ;
; Ignore LCELL Buffers                                                       ; Off                ; Off                ;
; Ignore SOFT Buffers                                                        ; On                 ; On                 ;
; Limit AHDL Integers to 32 Bits                                             ; Off                ; Off                ;
; Optimization Technique                                                     ; Balanced           ; Balanced           ;
; Carry Chain Length                                                         ; 70                 ; 70                 ;
; Auto Carry Chains                                                          ; On                 ; On                 ;
; Auto Open-Drain Pins                                                       ; On                 ; On                 ;
; Perform WYSIWYG Primitive Resynthesis                                      ; Off                ; Off                ;
; Auto Shift Register Replacement                                            ; Auto               ; Auto               ;
; Allow Shift Register Merging across Hierarchies                            ; Auto               ; Auto               ;
; Auto Clock Enable Replacement                                              ; On                 ; On                 ;
; Allow Synchronous Control Signals                                          ; On                 ; On                 ;
; Force Use of Synchronous Clear Signals                                     ; Off                ; Off                ;
; Auto Resource Sharing                                                      ; Off                ; Off                ;
; Use LogicLock Constraints during Resource Balancing                        ; On                 ; On                 ;
; Ignore translate_off and synthesis_off directives                          ; Off                ; Off                ;
; Report Parameter Settings                                                  ; On                 ; On                 ;
; Report Source Assignments                                                  ; On                 ; On                 ;
; Report Connectivity Checks                                                 ; On                 ; On                 ;
; Ignore Maximum Fan-Out Assignments                                         ; Off                ; Off                ;
; Synchronization Register Chain Length                                      ; 2                  ; 2                  ;
; Power Optimization During Synthesis                                        ; Normal compilation ; Normal compilation ;
; HDL message level                                                          ; Level2             ; Level2             ;
; Suppress Register Optimization Related Messages                            ; Off                ; Off                ;
; Number of Removed Registers Reported in Synthesis Report                   ; 5000               ; 5000               ;
; Number of Swept Nodes Reported in Synthesis Report                         ; 5000               ; 5000               ;
; Number of Inverted Registers Reported in Synthesis Report                  ; 100                ; 100                ;
; Clock MUX Protection                                                       ; On                 ; On                 ;
; Block Design Naming                                                        ; Auto               ; Auto               ;
; Synthesis Effort                                                           ; Auto               ; Auto               ;
; Shift Register Replacement - Allow Asynchronous Clear Signal               ; On                 ; On                 ;
; Analysis & Synthesis Message Level                                         ; Medium             ; Medium             ;
; Disable Register Merging Across Hierarchies                                ; Auto               ; Auto               ;
+----------------------------------------------------------------------------+--------------------+--------------------+


+------------------------------------------+
; Parallel Compilation                     ;
+----------------------------+-------------+
; Processors                 ; Number      ;
+----------------------------+-------------+
; Number detected on machine ; 4           ;
; Maximum allowed            ; 2           ;
;                            ;             ;
; Average used               ; 1.00        ;
; Maximum used               ; 1           ;
;                            ;             ;
; Usage by Processor         ; % Time Used ;
;     Processor 1            ; 100.0%      ;
+----------------------------+-------------+


+------------------------------------------------------------------------------------------------------------------------------------------+
; Analysis & Synthesis Source Files Read                                                                                                   ;
+----------------------------------+-----------------+------------------------+--------------------------------------------------+---------+
; File Name with User-Entered Path ; Used in Netlist ; File Type              ; File Name with Absolute Path                     ; Library ;
+----------------------------------+-----------------+------------------------+--------------------------------------------------+---------+
; pushbutton.v                     ; yes             ; User Verilog HDL File  ; C:/Users/neonb/Desktop/DSL_tp/tf/pushbutton.v    ;         ;
; main_module.v                    ; yes             ; User Verilog HDL File  ; C:/Users/neonb/Desktop/DSL_tp/tf/main_module.v   ;         ;
; dest_setter.v                    ; yes             ; User Verilog HDL File  ; C:/Users/neonb/Desktop/DSL_tp/tf/dest_setter.v   ;         ;
; counter_1s.v                     ; yes             ; User Verilog HDL File  ; C:/Users/neonb/Desktop/DSL_tp/tf/counter_1s.v    ;         ;
; car_indicator.v                  ; yes             ; User Verilog HDL File  ; C:/Users/neonb/Desktop/DSL_tp/tf/car_indicator.v ;         ;
+----------------------------------+-----------------+------------------------+--------------------------------------------------+---------+


+-----------------------------------------------------+
; Analysis & Synthesis Resource Usage Summary         ;
+---------------------------------------------+-------+
; Resource                                    ; Usage ;
+---------------------------------------------+-------+
; Total logic elements                        ; 195   ;
;     -- Combinational with no register       ; 124   ;
;     -- Register only                        ; 23    ;
;     -- Combinational with a register        ; 48    ;
;                                             ;       ;
; Logic element usage by number of LUT inputs ;       ;
;     -- 4 input functions                    ; 77    ;
;     -- 3 input functions                    ; 37    ;
;     -- 2 input functions                    ; 45    ;
;     -- 1 input functions                    ; 13    ;
;     -- 0 input functions                    ; 0     ;
;                                             ;       ;
; Logic elements by mode                      ;       ;
;     -- normal mode                          ; 174   ;
;     -- arithmetic mode                      ; 21    ;
;     -- qfbk mode                            ; 0     ;
;     -- register cascade mode                ; 0     ;
;     -- synchronous clear/load mode          ; 0     ;
;     -- asynchronous clear/load mode         ; 71    ;
;                                             ;       ;
; Total registers                             ; 71    ;
; Total logic cells in carry chains           ; 24    ;
; I/O pins                                    ; 38    ;
; Maximum fan-out node                        ; clk   ;
; Maximum fan-out                             ; 71    ;
; Total fan-out                               ; 738   ;
; Average fan-out                             ; 3.17  ;
+---------------------------------------------+-------+


+---------------------------------------------------------------------------------------------------------------------------------------------------------------------------------------------------------------------------------------------------------------------+
; Analysis & Synthesis Resource Utilization by Entity                                                                                                                                                                                                                 ;
+-----------------------------+-------------+--------------+------------+------+--------------+--------------+-------------------+------------------+-----------------+------------+---------------------------------------------------+---------------+--------------+
; Compilation Hierarchy Node  ; Logic Cells ; LC Registers ; UFM Blocks ; Pins ; Virtual Pins ; LUT-Only LCs ; Register-Only LCs ; LUT/Register LCs ; Carry Chain LCs ; Packed LCs ; Full Hierarchy Name                               ; Entity Name   ; Library Name ;
+-----------------------------+-------------+--------------+------------+------+--------------+--------------+-------------------+------------------+-----------------+------------+---------------------------------------------------+---------------+--------------+
; |main_module                ; 195 (7)     ; 71           ; 0          ; 38   ; 0            ; 124 (7)      ; 23 (0)            ; 48 (0)           ; 24 (0)          ; 0 (0)      ; |main_module                                      ; main_module   ; work         ;
;    |car_indicator:car|      ; 43 (43)     ; 10           ; 0          ; 0    ; 0            ; 33 (33)      ; 0 (0)             ; 10 (10)          ; 0 (0)           ; 0 (0)      ; |main_module|car_indicator:car                    ; car_indicator ; work         ;
;    |counter_1s:uut|         ; 66 (66)     ; 28           ; 0          ; 0    ; 0            ; 38 (38)      ; 13 (13)           ; 15 (15)          ; 24 (24)         ; 0 (0)      ; |main_module|counter_1s:uut                       ; counter_1s    ; work         ;
;    |dest_setter:mcds|       ; 79 (49)     ; 33           ; 0          ; 0    ; 0            ; 46 (46)      ; 10 (0)            ; 23 (3)           ; 0 (0)           ; 0 (0)      ; |main_module|dest_setter:mcds                     ; dest_setter   ; work         ;
;       |pushbutton:btn_car1| ; 3 (3)       ; 3            ; 0          ; 0    ; 0            ; 0 (0)        ; 1 (1)             ; 2 (2)            ; 0 (0)           ; 0 (0)      ; |main_module|dest_setter:mcds|pushbutton:btn_car1 ; pushbutton    ; work         ;
;       |pushbutton:btn_car2| ; 3 (3)       ; 3            ; 0          ; 0    ; 0            ; 0 (0)        ; 1 (1)             ; 2 (2)            ; 0 (0)           ; 0 (0)      ; |main_module|dest_setter:mcds|pushbutton:btn_car2 ; pushbutton    ; work         ;
;       |pushbutton:btn_car3| ; 3 (3)       ; 3            ; 0          ; 0    ; 0            ; 0 (0)        ; 1 (1)             ; 2 (2)            ; 0 (0)           ; 0 (0)      ; |main_module|dest_setter:mcds|pushbutton:btn_car3 ; pushbutton    ; work         ;
;       |pushbutton:btn_car4| ; 3 (3)       ; 3            ; 0          ; 0    ; 0            ; 0 (0)        ; 1 (1)             ; 2 (2)            ; 0 (0)           ; 0 (0)      ; |main_module|dest_setter:mcds|pushbutton:btn_car4 ; pushbutton    ; work         ;
;       |pushbutton:btn_car5| ; 3 (3)       ; 3            ; 0          ; 0    ; 0            ; 0 (0)        ; 1 (1)             ; 2 (2)            ; 0 (0)           ; 0 (0)      ; |main_module|dest_setter:mcds|pushbutton:btn_car5 ; pushbutton    ; work         ;
;       |pushbutton:btn_out1| ; 3 (3)       ; 3            ; 0          ; 0    ; 0            ; 0 (0)        ; 1 (1)             ; 2 (2)            ; 0 (0)           ; 0 (0)      ; |main_module|dest_setter:mcds|pushbutton:btn_out1 ; pushbutton    ; work         ;
;       |pushbutton:btn_out2| ; 3 (3)       ; 3            ; 0          ; 0    ; 0            ; 0 (0)        ; 1 (1)             ; 2 (2)            ; 0 (0)           ; 0 (0)      ; |main_module|dest_setter:mcds|pushbutton:btn_out2 ; pushbutton    ; work         ;
;       |pushbutton:btn_out3| ; 3 (3)       ; 3            ; 0          ; 0    ; 0            ; 0 (0)        ; 1 (1)             ; 2 (2)            ; 0 (0)           ; 0 (0)      ; |main_module|dest_setter:mcds|pushbutton:btn_out3 ; pushbutton    ; work         ;
;       |pushbutton:btn_out4| ; 3 (3)       ; 3            ; 0          ; 0    ; 0            ; 0 (0)        ; 1 (1)             ; 2 (2)            ; 0 (0)           ; 0 (0)      ; |main_module|dest_setter:mcds|pushbutton:btn_out4 ; pushbutton    ; work         ;
;       |pushbutton:btn_out5| ; 3 (3)       ; 3            ; 0          ; 0    ; 0            ; 0 (0)        ; 1 (1)             ; 2 (2)            ; 0 (0)           ; 0 (0)      ; |main_module|dest_setter:mcds|pushbutton:btn_out5 ; pushbutton    ; work         ;
+-----------------------------+-------------+--------------+------------+------+--------------+--------------+-------------------+------------------+-----------------+------------+---------------------------------------------------+---------------+--------------+
Note: For table entries with two numbers listed, the numbers in parentheses indicate the number of resources of the given type used by the specific entity alone. The numbers listed outside of parentheses indicate the total resources of the given type used by the specific entity and all of its sub-entities in the hierarchy.


+------------------------------------------------------+
; General Register Statistics                          ;
+----------------------------------------------+-------+
; Statistic                                    ; Value ;
+----------------------------------------------+-------+
; Total registers                              ; 71    ;
; Number of registers using Synchronous Clear  ; 0     ;
; Number of registers using Synchronous Load   ; 0     ;
; Number of registers using Asynchronous Clear ; 71    ;
; Number of registers using Asynchronous Load  ; 0     ;
; Number of registers using Clock Enable       ; 28    ;
; Number of registers using Preset             ; 0     ;
+----------------------------------------------+-------+


+------------------------------------------------------------+
; Inverted Register Statistics                               ;
+--------------------------------------------------+---------+
; Inverted Register                                ; Fan out ;
+--------------------------------------------------+---------+
; car_indicator:car|location[0]                    ; 17      ;
; dest_setter:mcds|dest[0]                         ; 14      ;
; car_indicator:car|state[0]                       ; 14      ;
; car_indicator:car|doorcnt[0]                     ; 6       ;
; car_indicator:car|doorcnt[2]                     ; 4       ;
; dest_setter:mcds|pushbutton:btn_car1|push_buf_a2 ; 1       ;
; dest_setter:mcds|pushbutton:btn_car2|push_buf_a2 ; 1       ;
; dest_setter:mcds|pushbutton:btn_car3|push_buf_a2 ; 1       ;
; dest_setter:mcds|pushbutton:btn_car4|push_buf_a2 ; 1       ;
; dest_setter:mcds|pushbutton:btn_car5|push_buf_a2 ; 1       ;
; dest_setter:mcds|pushbutton:btn_out1|push_buf_a2 ; 1       ;
; dest_setter:mcds|pushbutton:btn_out2|push_buf_a2 ; 1       ;
; dest_setter:mcds|pushbutton:btn_out3|push_buf_a2 ; 1       ;
; dest_setter:mcds|pushbutton:btn_out4|push_buf_a2 ; 1       ;
; dest_setter:mcds|pushbutton:btn_out5|push_buf_a2 ; 1       ;
; Total number of inverted registers = 15          ;         ;
+--------------------------------------------------+---------+


+---------------------------------------------------------------------------------------------------------------------------------------------------------+
; Multiplexer Restructuring Statistics (Restructuring Performed)                                                                                          ;
+--------------------+-----------+---------------+----------------------+------------------------+------------+-------------------------------------------+
; Multiplexer Inputs ; Bus Width ; Baseline Area ; Area if Restructured ; Saving if Restructured ; Registered ; Example Multiplexer Output                ;
+--------------------+-----------+---------------+----------------------+------------------------+------------+-------------------------------------------+
; 3:1                ; 10 bits   ; 20 LEs        ; 10 LEs               ; 10 LEs                 ; Yes        ; |main_module|counter_1s:uut|count1000[1]  ;
; 3:1                ; 7 bits    ; 14 LEs        ; 7 LEs                ; 7 LEs                  ; Yes        ; |main_module|counter_1s:uut|count100[6]   ;
; 3:1                ; 4 bits    ; 8 LEs         ; 4 LEs                ; 4 LEs                  ; Yes        ; |main_module|counter_1s:uut|countVal[2]   ;
; 4:1                ; 2 bits    ; 4 LEs         ; 2 LEs                ; 2 LEs                  ; Yes        ; |main_module|car_indicator:car|movecnt[1] ;
; 17:1               ; 2 bits    ; 22 LEs        ; 16 LEs               ; 6 LEs                  ; Yes        ; |main_module|dest_setter:mcds|dest[1]     ;
; 6:1                ; 2 bits    ; 8 LEs         ; 4 LEs                ; 4 LEs                  ; Yes        ; |main_module|car_indicator:car|doorcnt[2] ;
; 5:1                ; 4 bits    ; 12 LEs        ; 12 LEs               ; 0 LEs                  ; No         ; |main_module|car_indicator:car|Mux0       ;
; 5:1                ; 2 bits    ; 6 LEs         ; 6 LEs                ; 0 LEs                  ; No         ; |main_module|dest_setter:mcds|Mux0        ;
+--------------------+-----------+---------------+----------------------+------------------------+------------+-------------------------------------------+


+-------------------------------------------------------------+
; Parameter Settings for User Entity Instance: counter_1s:uut ;
+----------------+-------+------------------------------------+
; Parameter Name ; Value ; Type                               ;
+----------------+-------+------------------------------------+
; par_num_clk    ; 65    ; Signed Integer                     ;
; par_num_1000   ; 999   ; Signed Integer                     ;
; par_num_100    ; 99    ; Signed Integer                     ;
; par_100ms      ; 9     ; Signed Integer                     ;
+----------------+-------+------------------------------------+
Note: In order to hide this table in the UI and the text report file, please set the "Show Parameter Settings in Synthesis Report" option in "Analysis and Synthesis Settings -> More Settings" to "Off".


+------------------------------------------------------------------------------------------------------------------------------------------------------------+
; Port Connectivity Checks: "counter_1s:uut"                                                                                                                 ;
+----------+--------+----------+-----------------------------------------------------------------------------------------------------------------------------+
; Port     ; Type   ; Severity ; Details                                                                                                                     ;
+----------+--------+----------+-----------------------------------------------------------------------------------------------------------------------------+
; countVal ; Output ; Warning  ; Output or bidir port (4 bits) is wider than the port expression (1 bits) it drives; bit(s) "countVal[3..1]" have no fanouts ;
; countVal ; Output ; Info     ; Connected to dangling logic. Logic that only feeds a dangling port will be removed.                                         ;
+----------+--------+----------+-----------------------------------------------------------------------------------------------------------------------------+


+--------------------------------------------------------------------------------------------------------------------+
; Port Connectivity Checks: "car_indicator:car"                                                                      ;
+----------+--------+----------+-------------------------------------------------------------------------------------+
; Port     ; Type   ; Severity ; Details                                                                             ;
+----------+--------+----------+-------------------------------------------------------------------------------------+
; timerrst ; Output ; Info     ; Connected to dangling logic. Logic that only feeds a dangling port will be removed. ;
+----------+--------+----------+-------------------------------------------------------------------------------------+


+-------------------------------+
; Analysis & Synthesis Messages ;
+-------------------------------+
Info: *******************************************************************
Info: Running Quartus Prime Analysis & Synthesis
    Info: Version 17.1.0 Build 590 10/25/2017 SJ Lite Edition
    Info: Processing started: Sun Jun 02 01:51:33 2019
Info: Command: quartus_map --read_settings_files=on --write_settings_files=off main_module -c main_module
Warning (18236): Number of processors has not been specified which may cause overloading on shared machines.  Set the global assignment NUM_PARALLEL_PROCESSORS in your QSF to an appropriate value for best performance.
Info (20030): Parallel compilation is enabled and will use 2 of the 2 processors detected
Info (12021): Found 1 design units, including 1 entities, in source file pushbutton.v
    Info (12023): Found entity 1: pushbutton File: C:/Users/neonb/Desktop/DSL_tp/tf/pushbutton.v Line: 1
Info (12021): Found 1 design units, including 1 entities, in source file main_module.v
    Info (12023): Found entity 1: main_module File: C:/Users/neonb/Desktop/DSL_tp/tf/main_module.v Line: 2
Info (12021): Found 1 design units, including 1 entities, in source file dest_setter.v
    Info (12023): Found entity 1: dest_setter File: C:/Users/neonb/Desktop/DSL_tp/tf/dest_setter.v Line: 1
Info (12021): Found 1 design units, including 1 entities, in source file counter_1s.v
    Info (12023): Found entity 1: counter_1s File: C:/Users/neonb/Desktop/DSL_tp/tf/counter_1s.v Line: 2
Info (12021): Found 1 design units, including 1 entities, in source file car_indicator.v
    Info (12023): Found entity 1: car_indicator File: C:/Users/neonb/Desktop/DSL_tp/tf/car_indicator.v Line: 1
Warning (10236): Verilog HDL Implicit Net warning at main_module.v(20): created implicit net for "open__" File: C:/Users/neonb/Desktop/DSL_tp/tf/main_module.v Line: 20
Warning (10236): Verilog HDL Implicit Net warning at main_module.v(27): created implicit net for "incr_second" File: C:/Users/neonb/Desktop/DSL_tp/tf/main_module.v Line: 27
Warning (10236): Verilog HDL Implicit Net warning at main_module.v(31): created implicit net for "timerrst" File: C:/Users/neonb/Desktop/DSL_tp/tf/main_module.v Line: 31
Warning (10236): Verilog HDL Implicit Net warning at main_module.v(46): created implicit net for "decimal_point" File: C:/Users/neonb/Desktop/DSL_tp/tf/main_module.v Line: 46
Warning (10236): Verilog HDL Implicit Net warning at dest_setter.v(68): created implicit net for "btnoff1" File: C:/Users/neonb/Desktop/DSL_tp/tf/dest_setter.v Line: 68
Warning (10236): Verilog HDL Implicit Net warning at dest_setter.v(69): created implicit net for "btnoff2" File: C:/Users/neonb/Desktop/DSL_tp/tf/dest_setter.v Line: 69
Warning (10236): Verilog HDL Implicit Net warning at dest_setter.v(70): created implicit net for "btnoff3" File: C:/Users/neonb/Desktop/DSL_tp/tf/dest_setter.v Line: 70
Warning (10236): Verilog HDL Implicit Net warning at dest_setter.v(71): created implicit net for "btnoff4" File: C:/Users/neonb/Desktop/DSL_tp/tf/dest_setter.v Line: 71
Warning (10236): Verilog HDL Implicit Net warning at dest_setter.v(72): created implicit net for "btnoff5" File: C:/Users/neonb/Desktop/DSL_tp/tf/dest_setter.v Line: 72
Info (12127): Elaborating entity "main_module" for the top level hierarchy
Info (12128): Elaborating entity "car_indicator" for hierarchy "car_indicator:car" File: C:/Users/neonb/Desktop/DSL_tp/tf/main_module.v Line: 39
Warning (10230): Verilog HDL assignment warning at car_indicator.v(38): truncated value with size 32 to match size of target (3) File: C:/Users/neonb/Desktop/DSL_tp/tf/car_indicator.v Line: 38
Warning (10230): Verilog HDL assignment warning at car_indicator.v(69): truncated value with size 32 to match size of target (3) File: C:/Users/neonb/Desktop/DSL_tp/tf/car_indicator.v Line: 69
Warning (10230): Verilog HDL assignment warning at car_indicator.v(77): truncated value with size 32 to match size of target (3) File: C:/Users/neonb/Desktop/DSL_tp/tf/car_indicator.v Line: 77
Warning (10230): Verilog HDL assignment warning at car_indicator.v(85): truncated value with size 32 to match size of target (2) File: C:/Users/neonb/Desktop/DSL_tp/tf/car_indicator.v Line: 85
Info (12128): Elaborating entity "counter_1s" for hierarchy "counter_1s:uut" File: C:/Users/neonb/Desktop/DSL_tp/tf/main_module.v Line: 47
Warning (10230): Verilog HDL assignment warning at counter_1s.v(26): truncated value with size 32 to match size of target (7) File: C:/Users/neonb/Desktop/DSL_tp/tf/counter_1s.v Line: 26
Warning (10230): Verilog HDL assignment warning at counter_1s.v(35): truncated value with size 32 to match size of target (10) File: C:/Users/neonb/Desktop/DSL_tp/tf/counter_1s.v Line: 35
Warning (10230): Verilog HDL assignment warning at counter_1s.v(45): truncated value with size 32 to match size of target (7) File: C:/Users/neonb/Desktop/DSL_tp/tf/counter_1s.v Line: 45
Warning (10230): Verilog HDL assignment warning at counter_1s.v(55): truncated value with size 32 to match size of target (4) File: C:/Users/neonb/Desktop/DSL_tp/tf/counter_1s.v Line: 55
Info (12128): Elaborating entity "dest_setter" for hierarchy "dest_setter:mcds" File: C:/Users/neonb/Desktop/DSL_tp/tf/main_module.v Line: 61
Info (12128): Elaborating entity "pushbutton" for hierarchy "dest_setter:mcds|pushbutton:btn_car1" File: C:/Users/neonb/Desktop/DSL_tp/tf/dest_setter.v Line: 73
Warning (12241): 1 hierarchies have connectivity warnings - see the Connectivity Checks report folder
Info (18000): Registers with preset signals will power-up high File: C:/Users/neonb/Desktop/DSL_tp/tf/car_indicator.v Line: 26
Info (21057): Implemented 233 device resources after synthesis - the final resource count might be different
    Info (21058): Implemented 15 input pins
    Info (21059): Implemented 23 output pins
    Info (21061): Implemented 195 logic cells
Info: Quartus Prime Analysis & Synthesis was successful. 0 errors, 19 warnings
    Info: Peak virtual memory: 4719 megabytes
    Info: Processing ended: Sun Jun 02 01:51:55 2019
    Info: Elapsed time: 00:00:22
    Info: Total CPU time (on all processors): 00:00:41


