Fitter report for main_module
Sun Jun 02 01:52:01 2019
Quartus Prime Version 17.1.0 Build 590 10/25/2017 SJ Lite Edition


---------------------
; Table of Contents ;
---------------------
  1. Legal Notice
  2. Fitter Summary
  3. Fitter Settings
  4. Parallel Compilation
  5. Ignored Assignments
  6. Pin-Out File
  7. Fitter Resource Usage Summary
  8. Input Pins
  9. Output Pins
 10. I/O Bank Usage
 11. All Package Pins
 12. Output Pin Default Load For Reported TCO
 13. I/O Assignment Warnings
 14. Fitter Resource Utilization by Entity
 15. Delay Chain Summary
 16. Control Signals
 17. Global & Other Fast Signals
 18. Routing Usage Summary
 19. LAB Logic Elements
 20. LAB-wide Signals
 21. LAB Signals Sourced
 22. LAB Signals Sourced Out
 23. LAB Distinct Inputs
 24. Fitter Device Options
 25. Fitter Messages
 26. Fitter Suppressed Messages



----------------
; Legal Notice ;
----------------
Copyright (C) 2017  Intel Corporation. All rights reserved.
Your use of Intel Corporation's design tools, logic functions 
and other software and tools, and its AMPP partner logic 
functions, and any output files from any of the foregoing 
(including device programming or simulation files), and any 
associated documentation or information are expressly subject 
to the terms and conditions of the Intel Program License 
Subscription Agreement, the Intel Quartus Prime License Agreement,
the Intel FPGA IP License Agreement, or other applicable license
agreement, including, without limitation, that your use is for
the sole purpose of programming logic devices manufactured by
Intel and sold by Intel or its authorized distributors.  Please
refer to the applicable agreement for further details.



+---------------------------------------------------------------------+
; Fitter Summary                                                      ;
+-----------------------+---------------------------------------------+
; Fitter Status         ; Successful - Sun Jun 02 01:52:01 2019       ;
; Quartus Prime Version ; 17.1.0 Build 590 10/25/2017 SJ Lite Edition ;
; Revision Name         ; main_module                                 ;
; Top-level Entity Name ; main_module                                 ;
; Family                ; MAX II                                      ;
; Device                ; EPM1270F256C5                               ;
; Timing Models         ; Final                                       ;
; Total logic elements  ; 189 / 1,270 ( 15 % )                        ;
; Total pins            ; 38 / 212 ( 18 % )                           ;
; Total virtual pins    ; 0                                           ;
; UFM blocks            ; 0 / 1 ( 0 % )                               ;
+-----------------------+---------------------------------------------+


+----------------------------------------------------------------------------------------------------------------------------------------------+
; Fitter Settings                                                                                                                              ;
+----------------------------------------------------------------------------+--------------------------------+--------------------------------+
; Option                                                                     ; Setting                        ; Default Value                  ;
+----------------------------------------------------------------------------+--------------------------------+--------------------------------+
; Device                                                                     ; EPM1270F256C5                  ;                                ;
; Minimum Core Junction Temperature                                          ; 0                              ;                                ;
; Maximum Core Junction Temperature                                          ; 85                             ;                                ;
; Fit Attempts to Skip                                                       ; 0                              ; 0.0                            ;
; Use smart compilation                                                      ; Off                            ; Off                            ;
; Enable parallel Assembler and TimeQuest Timing Analyzer during compilation ; On                             ; On                             ;
; Enable compact report table                                                ; Off                            ; Off                            ;
; Router Timing Optimization Level                                           ; Normal                         ; Normal                         ;
; Placement Effort Multiplier                                                ; 1.0                            ; 1.0                            ;
; Router Effort Multiplier                                                   ; 1.0                            ; 1.0                            ;
; Always Enable Input Buffers                                                ; Off                            ; Off                            ;
; Optimize Hold Timing                                                       ; IO Paths and Minimum TPD Paths ; IO Paths and Minimum TPD Paths ;
; Optimize Multi-Corner Timing                                               ; Off                            ; Off                            ;
; Guarantee I/O Paths Have Zero Hold Time at Fast Corner                     ; On                             ; On                             ;
; Power Optimization During Fitting                                          ; Normal compilation             ; Normal compilation             ;
; Optimize Timing                                                            ; Normal compilation             ; Normal compilation             ;
; Optimize Timing for ECOs                                                   ; Off                            ; Off                            ;
; Regenerate Full Fit Report During ECO Compiles                             ; Off                            ; Off                            ;
; Optimize IOC Register Placement for Timing                                 ; Normal                         ; Normal                         ;
; Limit to One Fitting Attempt                                               ; Off                            ; Off                            ;
; Final Placement Optimizations                                              ; Automatically                  ; Automatically                  ;
; Fitter Aggressive Routability Optimizations                                ; Automatically                  ; Automatically                  ;
; Fitter Initial Placement Seed                                              ; 1                              ; 1                              ;
; Periphery to Core Placement and Routing Optimization                       ; Off                            ; Off                            ;
; Slow Slew Rate                                                             ; Off                            ; Off                            ;
; PCI I/O                                                                    ; Off                            ; Off                            ;
; Weak Pull-Up Resistor                                                      ; Off                            ; Off                            ;
; Enable Bus-Hold Circuitry                                                  ; Off                            ; Off                            ;
; Auto Delay Chains                                                          ; On                             ; On                             ;
; Auto Delay Chains for High Fanout Input Pins                               ; Off                            ; Off                            ;
; Perform Physical Synthesis for Combinational Logic for Performance         ; Off                            ; Off                            ;
; Perform Register Duplication for Performance                               ; Off                            ; Off                            ;
; Perform Register Retiming for Performance                                  ; Off                            ; Off                            ;
; Perform Asynchronous Signal Pipelining                                     ; Off                            ; Off                            ;
; Fitter Effort                                                              ; Auto Fit                       ; Auto Fit                       ;
; Physical Synthesis Effort Level                                            ; Normal                         ; Normal                         ;
; Logic Cell Insertion - Logic Duplication                                   ; Auto                           ; Auto                           ;
; Auto Register Duplication                                                  ; Auto                           ; Auto                           ;
; Auto Global Clock                                                          ; On                             ; On                             ;
; Auto Global Register Control Signals                                       ; On                             ; On                             ;
; Force Fitter to Avoid Periphery Placement Warnings                         ; Off                            ; Off                            ;
+----------------------------------------------------------------------------+--------------------------------+--------------------------------+


+------------------------------------------+
; Parallel Compilation                     ;
+----------------------------+-------------+
; Processors                 ; Number      ;
+----------------------------+-------------+
; Number detected on machine ; 4           ;
; Maximum allowed            ; 2           ;
;                            ;             ;
; Average used               ; 1.01        ;
; Maximum used               ; 2           ;
;                            ;             ;
; Usage by Processor         ; % Time Used ;
;     Processor 1            ; 100.0%      ;
;     Processor 2            ;   0.6%      ;
+----------------------------+-------------+


+------------------------------------------------------------------------------------------+
; Ignored Assignments                                                                      ;
+----------+----------------+--------------+--------------+---------------+----------------+
; Name     ; Ignored Entity ; Ignored From ; Ignored To   ; Ignored Value ; Ignored Source ;
+----------+----------------+--------------+--------------+---------------+----------------+
; Location ;                ;              ; btncaridc[0] ; PIN_N10       ; QSF Assignment ;
; Location ;                ;              ; btncaridc[1] ; PIN_P2        ; QSF Assignment ;
; Location ;                ;              ; btncaridc[2] ; PIN_N2        ; QSF Assignment ;
; Location ;                ;              ; btncaridc[3] ; PIN_M4        ; QSF Assignment ;
; Location ;                ;              ; btncaridc[4] ; PIN_M2        ; QSF Assignment ;
; Location ;                ;              ; btnoutidc[0] ; PIN_R11       ; QSF Assignment ;
; Location ;                ;              ; btnoutidc[1] ; PIN_T11       ; QSF Assignment ;
; Location ;                ;              ; btnoutidc[2] ; PIN_N3        ; QSF Assignment ;
; Location ;                ;              ; btnoutidc[3] ; PIN_N1        ; QSF Assignment ;
; Location ;                ;              ; btnoutidc[4] ; PIN_M3        ; QSF Assignment ;
+----------+----------------+--------------+--------------+---------------+----------------+


+--------------+
; Pin-Out File ;
+--------------+
The pin-out file can be found in C:/Users/neonb/Desktop/DSL_tp/tf/output_files/main_module.pin.


+--------------------------------------------------------------------+
; Fitter Resource Usage Summary                                      ;
+---------------------------------------------+----------------------+
; Resource                                    ; Usage                ;
+---------------------------------------------+----------------------+
; Total logic elements                        ; 189 / 1,270 ( 15 % ) ;
;     -- Combinational with no register       ; 118                  ;
;     -- Register only                        ; 17                   ;
;     -- Combinational with a register        ; 54                   ;
;                                             ;                      ;
; Logic element usage by number of LUT inputs ;                      ;
;     -- 4 input functions                    ; 77                   ;
;     -- 3 input functions                    ; 37                   ;
;     -- 2 input functions                    ; 45                   ;
;     -- 1 input functions                    ; 13                   ;
;     -- 0 input functions                    ; 0                    ;
;                                             ;                      ;
; Logic elements by mode                      ;                      ;
;     -- normal mode                          ; 168                  ;
;     -- arithmetic mode                      ; 21                   ;
;     -- qfbk mode                            ; 6                    ;
;     -- register cascade mode                ; 0                    ;
;     -- synchronous clear/load mode          ; 14                   ;
;     -- asynchronous clear/load mode         ; 71                   ;
;                                             ;                      ;
; Total registers                             ; 71 / 1,270 ( 6 % )   ;
; Total LABs                                  ; 21 / 127 ( 17 % )    ;
; Logic elements in carry chains              ; 24                   ;
; Virtual pins                                ; 0                    ;
; I/O pins                                    ; 38 / 212 ( 18 % )    ;
;     -- Clock pins                           ; 2 / 4 ( 50 % )       ;
;                                             ;                      ;
; UFM blocks                                  ; 0 / 1 ( 0 % )        ;
;                                             ;                      ;
;     -- Total Fixed Point DSP Blocks         ; 0                    ;
;     -- Total Floating Point DSP Blocks      ; 0                    ;
;                                             ;                      ;
; Global signals                              ; 4                    ;
;     -- Global clocks                        ; 4 / 4 ( 100 % )      ;
; JTAGs                                       ; 0 / 1 ( 0 % )        ;
; Average interconnect usage (total/H/V)      ; 7.3% / 8.0% / 6.5%   ;
; Peak interconnect usage (total/H/V)         ; 9.8% / 9.2% / 10.5%  ;
; Maximum fan-out                             ; 71                   ;
; Highest non-global fan-out                  ; 26                   ;
; Total fan-out                               ; 740                  ;
; Average fan-out                             ; 3.26                 ;
+---------------------------------------------+----------------------+


+-----------------------------------------------------------------------------------------------------------------------------------------------------------------------------------------------------------------------------------+
; Input Pins                                                                                                                                                                                                                        ;
+-----------+-------+----------+--------------+--------------+-------------+-----------------------+--------------------+--------+-----------------+----------+--------------+--------------+----------------------+----------------+
; Name      ; Pin # ; I/O Bank ; X coordinate ; Y coordinate ; Cell number ; Combinational Fan-Out ; Registered Fan-Out ; Global ; PCI I/O Enabled ; Bus Hold ; Weak Pull Up ; I/O Standard ; Location assigned by ; Slow Slew Rate ;
+-----------+-------+----------+--------------+--------------+-------------+-----------------------+--------------------+--------+-----------------+----------+--------------+--------------+----------------------+----------------+
; btncar[0] ; K3    ; 1        ; 0            ; 5            ; 5           ; 2                     ; 0                  ; no     ; no              ; no       ; Off          ; 3.3-V LVTTL  ; User                 ; no             ;
; btncar[1] ; K2    ; 1        ; 0            ; 6            ; 5           ; 2                     ; 0                  ; no     ; no              ; no       ; Off          ; 3.3-V LVTTL  ; User                 ; no             ;
; btncar[2] ; J3    ; 1        ; 0            ; 6            ; 4           ; 2                     ; 0                  ; no     ; no              ; no       ; Off          ; 3.3-V LVTTL  ; User                 ; no             ;
; btncar[3] ; J2    ; 1        ; 0            ; 6            ; 1           ; 2                     ; 0                  ; no     ; no              ; no       ; Off          ; 3.3-V LVTTL  ; User                 ; no             ;
; btncar[4] ; H3    ; 1        ; 0            ; 7            ; 3           ; 2                     ; 0                  ; no     ; no              ; no       ; Off          ; 3.3-V LVTTL  ; User                 ; no             ;
; btnout[0] ; G3    ; 1        ; 0            ; 8            ; 2           ; 2                     ; 0                  ; no     ; no              ; no       ; Off          ; 3.3-V LVTTL  ; User                 ; no             ;
; btnout[1] ; G1    ; 1        ; 0            ; 8            ; 5           ; 2                     ; 0                  ; no     ; no              ; no       ; Off          ; 3.3-V LVTTL  ; User                 ; no             ;
; btnout[2] ; F3    ; 1        ; 0            ; 9            ; 1           ; 2                     ; 0                  ; no     ; no              ; no       ; Off          ; 3.3-V LVTTL  ; User                 ; no             ;
; btnout[3] ; F1    ; 1        ; 0            ; 8            ; 1           ; 2                     ; 0                  ; no     ; no              ; no       ; Off          ; 3.3-V LVTTL  ; User                 ; no             ;
; btnout[4] ; E3    ; 1        ; 0            ; 10           ; 2           ; 2                     ; 0                  ; no     ; no              ; no       ; Off          ; 3.3-V LVTTL  ; User                 ; no             ;
; clk       ; H5    ; 1        ; 0            ; 7            ; 5           ; 71                    ; 0                  ; yes    ; no              ; no       ; Off          ; 3.3-V LVTTL  ; User                 ; no             ;
; enable    ; E2    ; 1        ; 0            ; 9            ; 2           ; 11                    ; 0                  ; no     ; no              ; no       ; Off          ; 3.3-V LVTTL  ; User                 ; no             ;
; open      ; L1    ; 1        ; 0            ; 5            ; 0           ; 1                     ; 0                  ; no     ; no              ; no       ; Off          ; 3.3-V LVTTL  ; User                 ; no             ;
; resetn    ; K4    ; 1        ; 0            ; 5            ; 3           ; 46                    ; 0                  ; yes    ; no              ; no       ; Off          ; 3.3-V LVTTL  ; User                 ; no             ;
; shut      ; L2    ; 1        ; 0            ; 5            ; 2           ; 1                     ; 0                  ; no     ; no              ; no       ; Off          ; 3.3-V LVTTL  ; User                 ; no             ;
+-----------+-------+----------+--------------+--------------+-------------+-----------------------+--------------------+--------+-----------------+----------+--------------+--------------+----------------------+----------------+


+-----------------------------------------------------------------------------------------------------------------------------------------------------------------------------------------------------------------------------------------------------------------------------------------------------------------------------------+
; Output Pins                                                                                                                                                                                                                                                                                                                       ;
+-----------------+-------+----------+--------------+--------------+-------------+-----------------+----------------+-----------------+------------+---------------+----------+--------------+--------------+------------------+------------------------+----------------------+-------+----------------------+---------------------+
; Name            ; Pin # ; I/O Bank ; X coordinate ; Y coordinate ; Cell number ; Output Register ; Slow Slew Rate ; PCI I/O Enabled ; Open Drain ; TRI Primitive ; Bus Hold ; Weak Pull Up ; I/O Standard ; Current Strength ; Fast Output Connection ; Location assigned by ; Load  ; Output Enable Source ; Output Enable Group ;
+-----------------+-------+----------+--------------+--------------+-------------+-----------------+----------------+-----------------+------------+---------------+----------+--------------+--------------+------------------+------------------------+----------------------+-------+----------------------+---------------------+
; btnidccar[0]    ; J16   ; 3        ; 17           ; 5            ; 3           ; no              ; no             ; no              ; no         ; no            ; no       ; Off          ; 3.3-V LVTTL  ; 16mA             ; no                     ; Fitter               ; 10 pF ; -                    ; -                   ;
; btnidccar[1]    ; L10   ; 4        ; 10           ; 3            ; 2           ; no              ; no             ; no              ; no         ; no            ; no       ; Off          ; 3.3-V LVTTL  ; 16mA             ; no                     ; Fitter               ; 10 pF ; -                    ; -                   ;
; btnidccar[2]    ; P9    ; 4        ; 9            ; 3            ; 2           ; no              ; no             ; no              ; no         ; no            ; no       ; Off          ; 3.3-V LVTTL  ; 16mA             ; no                     ; Fitter               ; 10 pF ; -                    ; -                   ;
; btnidccar[3]    ; M10   ; 4        ; 10           ; 3            ; 0           ; no              ; no             ; no              ; no         ; no            ; no       ; Off          ; 3.3-V LVTTL  ; 16mA             ; no                     ; Fitter               ; 10 pF ; -                    ; -                   ;
; btnidccar[4]    ; J12   ; 3        ; 17           ; 5            ; 1           ; no              ; no             ; no              ; no         ; no            ; no       ; Off          ; 3.3-V LVTTL  ; 16mA             ; no                     ; Fitter               ; 10 pF ; -                    ; -                   ;
; btnidcout[0]    ; K12   ; 3        ; 17           ; 4            ; 2           ; no              ; no             ; no              ; no         ; no            ; no       ; Off          ; 3.3-V LVTTL  ; 16mA             ; no                     ; Fitter               ; 10 pF ; -                    ; -                   ;
; btnidcout[1]    ; M9    ; 4        ; 10           ; 3            ; 3           ; no              ; no             ; no              ; no         ; no            ; no       ; Off          ; 3.3-V LVTTL  ; 16mA             ; no                     ; Fitter               ; 10 pF ; -                    ; -                   ;
; btnidcout[2]    ; T10   ; 4        ; 9            ; 3            ; 1           ; no              ; no             ; no              ; no         ; no            ; no       ; Off          ; 3.3-V LVTTL  ; 16mA             ; no                     ; Fitter               ; 10 pF ; -                    ; -                   ;
; btnidcout[3]    ; R10   ; 4        ; 10           ; 3            ; 1           ; no              ; no             ; no              ; no         ; no            ; no       ; Off          ; 3.3-V LVTTL  ; 16mA             ; no                     ; Fitter               ; 10 pF ; -                    ; -                   ;
; btnidcout[4]    ; J15   ; 3        ; 17           ; 5            ; 5           ; no              ; no             ; no              ; no         ; no            ; no       ; Off          ; 3.3-V LVTTL  ; 16mA             ; no                     ; Fitter               ; 10 pF ; -                    ; -                   ;
; car_location[0] ; D3    ; 1        ; 0            ; 10           ; 0           ; no              ; no             ; no              ; no         ; no            ; no       ; Off          ; 3.3-V LVTTL  ; 16mA             ; no                     ; User                 ; 10 pF ; -                    ; -                   ;
; car_location[1] ; C2    ; 1        ; 0            ; 10           ; 1           ; no              ; no             ; no              ; no         ; no            ; no       ; Off          ; 3.3-V LVTTL  ; 16mA             ; no                     ; User                 ; 10 pF ; -                    ; -                   ;
; car_location[2] ; D1    ; 1        ; 0            ; 9            ; 0           ; no              ; no             ; no              ; no         ; no            ; no       ; Off          ; 3.3-V LVTTL  ; 16mA             ; no                     ; User                 ; 10 pF ; -                    ; -                   ;
; dest[0]         ; E1    ; 1        ; 0            ; 9            ; 4           ; no              ; no             ; no              ; no         ; no            ; no       ; Off          ; 3.3-V LVTTL  ; 16mA             ; no                     ; User                 ; 10 pF ; -                    ; -                   ;
; dest[1]         ; D2    ; 1        ; 0            ; 10           ; 5           ; no              ; no             ; no              ; no         ; no            ; no       ; Off          ; 3.3-V LVTTL  ; 16mA             ; no                     ; User                 ; 10 pF ; -                    ; -                   ;
; dest[2]         ; C3    ; 1        ; 0            ; 10           ; 3           ; no              ; no             ; no              ; no         ; no            ; no       ; Off          ; 3.3-V LVTTL  ; 16mA             ; no                     ; User                 ; 10 pF ; -                    ; -                   ;
; doorcnt[0]      ; R13   ; 4        ; 14           ; 0            ; 0           ; no              ; no             ; no              ; no         ; no            ; no       ; Off          ; 3.3-V LVTTL  ; 16mA             ; no                     ; User                 ; 10 pF ; -                    ; -                   ;
; doorcnt[1]      ; T13   ; 4        ; 14           ; 0            ; 2           ; no              ; no             ; no              ; no         ; no            ; no       ; Off          ; 3.3-V LVTTL  ; 16mA             ; no                     ; User                 ; 10 pF ; -                    ; -                   ;
; doorcnt[2]      ; M8    ; 4        ; 9            ; 3            ; 0           ; no              ; no             ; no              ; no         ; no            ; no       ; Off          ; 3.3-V LVTTL  ; 16mA             ; no                     ; Fitter               ; 10 pF ; -                    ; -                   ;
; movecnt[0]      ; T12   ; 4        ; 13           ; 0            ; 2           ; no              ; no             ; no              ; no         ; no            ; no       ; Off          ; 3.3-V LVTTL  ; 16mA             ; no                     ; User                 ; 10 pF ; -                    ; -                   ;
; movecnt[1]      ; P13   ; 4        ; 16           ; 0            ; 0           ; no              ; no             ; no              ; no         ; no            ; no       ; Off          ; 3.3-V LVTTL  ; 16mA             ; no                     ; User                 ; 10 pF ; -                    ; -                   ;
; state[0]        ; M1    ; 1        ; 0            ; 5            ; 4           ; no              ; no             ; no              ; no         ; no            ; no       ; Off          ; 3.3-V LVTTL  ; 16mA             ; no                     ; User                 ; 10 pF ; -                    ; -                   ;
; state[1]        ; J4    ; 1        ; 0            ; 6            ; 2           ; no              ; no             ; no              ; no         ; no            ; no       ; Off          ; 3.3-V LVTTL  ; 16mA             ; no                     ; User                 ; 10 pF ; -                    ; -                   ;
+-----------------+-------+----------+--------------+--------------+-------------+-----------------+----------------+-----------------+------------+---------------+----------+--------------+--------------+------------------+------------------------+----------------------+-------+----------------------+---------------------+


+------------------------------------------------------------+
; I/O Bank Usage                                             ;
+----------+------------------+---------------+--------------+
; I/O Bank ; Usage            ; VCCIO Voltage ; VREF Voltage ;
+----------+------------------+---------------+--------------+
; 1        ; 23 / 51 ( 45 % ) ; 3.3V          ; --           ;
; 2        ; 0 / 53 ( 0 % )   ; 3.3V          ; --           ;
; 3        ; 4 / 55 ( 7 % )   ; 3.3V          ; --           ;
; 4        ; 11 / 53 ( 21 % ) ; 3.3V          ; --           ;
+----------+------------------+---------------+--------------+


+-------------------------------------------------------------------------------------------------------------------------------------------------+
; All Package Pins                                                                                                                                ;
+----------+------------+----------+-----------------+--------+--------------+-----------+------------+-----------------+----------+--------------+
; Location ; Pad Number ; I/O Bank ; Pin Name/Usage  ; Dir.   ; I/O Standard ; Voltage   ; I/O Type   ; User Assignment ; Bus Hold ; Weak Pull Up ;
+----------+------------+----------+-----------------+--------+--------------+-----------+------------+-----------------+----------+--------------+
; A1       ;            ;          ; GNDIO           ; gnd    ;              ;           ; --         ;                 ; --       ; --           ;
; A2       ; 212        ; 2        ; GND*            ;        ;              ;           ; Column I/O ;                 ; no       ; Off          ;
; A3       ;            ; 2        ; VCCIO2          ; power  ;              ; 3.3V      ; --         ;                 ; --       ; --           ;
; A4       ; 204        ; 2        ; GND*            ;        ;              ;           ; Column I/O ;                 ; no       ; Off          ;
; A5       ; 200        ; 2        ; GND*            ;        ;              ;           ; Column I/O ;                 ; no       ; Off          ;
; A6       ; 196        ; 2        ; GND*            ;        ;              ;           ; Column I/O ;                 ; no       ; Off          ;
; A7       ; 192        ; 2        ; GND*            ;        ;              ;           ; Column I/O ;                 ; no       ; Off          ;
; A8       ; 189        ; 2        ; GND*            ;        ;              ;           ; Column I/O ;                 ; no       ; Off          ;
; A9       ; 188        ; 2        ; GND*            ;        ;              ;           ; Column I/O ;                 ; no       ; Off          ;
; A10      ; 184        ; 2        ; GND*            ;        ;              ;           ; Column I/O ;                 ; no       ; Off          ;
; A11      ; 180        ; 2        ; GND*            ;        ;              ;           ; Column I/O ;                 ; no       ; Off          ;
; A12      ; 176        ; 2        ; GND*            ;        ;              ;           ; Column I/O ;                 ; no       ; Off          ;
; A13      ; 172        ; 2        ; GND*            ;        ;              ;           ; Column I/O ;                 ; no       ; Off          ;
; A14      ;            ; 2        ; VCCIO2          ; power  ;              ; 3.3V      ; --         ;                 ; --       ; --           ;
; A15      ; 166        ; 2        ; GND*            ;        ;              ;           ; Column I/O ;                 ; no       ; Off          ;
; A16      ;            ;          ; GNDIO           ; gnd    ;              ;           ; --         ;                 ; --       ; --           ;
; B1       ; 214        ; 2        ; GND*            ;        ;              ;           ; Column I/O ;                 ; no       ; Off          ;
; B2       ;            ;          ; GNDIO           ; gnd    ;              ;           ; --         ;                 ; --       ; --           ;
; B3       ; 210        ; 2        ; GND*            ;        ;              ;           ; Column I/O ;                 ; no       ; Off          ;
; B4       ; 206        ; 2        ; GND*            ;        ;              ;           ; Column I/O ;                 ; no       ; Off          ;
; B5       ; 202        ; 2        ; GND*            ;        ;              ;           ; Column I/O ;                 ; no       ; Off          ;
; B6       ; 198        ; 2        ; GND*            ;        ;              ;           ; Column I/O ;                 ; no       ; Off          ;
; B7       ; 194        ; 2        ; GND*            ;        ;              ;           ; Column I/O ;                 ; no       ; Off          ;
; B8       ; 190        ; 2        ; GND*            ;        ;              ;           ; Column I/O ;                 ; no       ; Off          ;
; B9       ; 186        ; 2        ; GND*            ;        ;              ;           ; Column I/O ;                 ; no       ; Off          ;
; B10      ; 182        ; 2        ; GND*            ;        ;              ;           ; Column I/O ;                 ; no       ; Off          ;
; B11      ; 178        ; 2        ; GND*            ;        ;              ;           ; Column I/O ;                 ; no       ; Off          ;
; B12      ; 174        ; 2        ; GND*            ;        ;              ;           ; Column I/O ;                 ; no       ; Off          ;
; B13      ; 170        ; 2        ; GND*            ;        ;              ;           ; Column I/O ;                 ; no       ; Off          ;
; B14      ; 168        ; 2        ; GND*            ;        ;              ;           ; Column I/O ;                 ; no       ; Off          ;
; B15      ;            ;          ; GNDIO           ; gnd    ;              ;           ; --         ;                 ; --       ; --           ;
; B16      ; 164        ; 2        ; GND*            ;        ;              ;           ; Column I/O ;                 ; no       ; Off          ;
; C1       ;            ; 1        ; VCCIO1          ; power  ;              ; 3.3V      ; --         ;                 ; --       ; --           ;
; C2       ; 1          ; 1        ; car_location[1] ; output ; 3.3-V LVTTL  ;           ; Row I/O    ; Y               ; no       ; Off          ;
; C3       ; 3          ; 1        ; dest[2]         ; output ; 3.3-V LVTTL  ;           ; Row I/O    ; Y               ; no       ; Off          ;
; C4       ; 208        ; 2        ; GND*            ;        ;              ;           ; Column I/O ;                 ; no       ; Off          ;
; C5       ; 211        ; 2        ; GND*            ;        ;              ;           ; Column I/O ;                 ; no       ; Off          ;
; C6       ; 209        ; 2        ; GND*            ;        ;              ;           ; Column I/O ;                 ; no       ; Off          ;
; C7       ; 203        ; 2        ; GND*            ;        ;              ;           ; Column I/O ;                 ; no       ; Off          ;
; C8       ; 195        ; 2        ; GND*            ;        ;              ;           ; Column I/O ;                 ; no       ; Off          ;
; C9       ; 183        ; 2        ; GND*            ;        ;              ;           ; Column I/O ;                 ; no       ; Off          ;
; C10      ; 175        ; 2        ; GND*            ;        ;              ;           ; Column I/O ;                 ; no       ; Off          ;
; C11      ; 169        ; 2        ; GND*            ;        ;              ;           ; Column I/O ;                 ; no       ; Off          ;
; C12      ; 165        ; 2        ; GND*            ;        ;              ;           ; Column I/O ;                 ; no       ; Off          ;
; C13      ; 163        ; 2        ; GND*            ;        ;              ;           ; Column I/O ;                 ; no       ; Off          ;
; C14      ; 160        ; 3        ; GND*            ;        ;              ;           ; Row I/O    ;                 ; no       ; Off          ;
; C15      ; 158        ; 3        ; GND*            ;        ;              ;           ; Row I/O    ;                 ; no       ; Off          ;
; C16      ;            ; 3        ; VCCIO3          ; power  ;              ; 3.3V      ; --         ;                 ; --       ; --           ;
; D1       ; 7          ; 1        ; car_location[2] ; output ; 3.3-V LVTTL  ;           ; Row I/O    ; Y               ; no       ; Off          ;
; D2       ; 5          ; 1        ; dest[1]         ; output ; 3.3-V LVTTL  ;           ; Row I/O    ; Y               ; no       ; Off          ;
; D3       ; 0          ; 1        ; car_location[0] ; output ; 3.3-V LVTTL  ;           ; Row I/O    ; Y               ; no       ; Off          ;
; D4       ; 215        ; 2        ; GND*            ;        ;              ;           ; Column I/O ;                 ; no       ; Off          ;
; D5       ; 213        ; 2        ; GND*            ;        ;              ;           ; Column I/O ;                 ; no       ; Off          ;
; D6       ; 207        ; 2        ; GND*            ;        ;              ;           ; Column I/O ;                 ; no       ; Off          ;
; D7       ; 201        ; 2        ; GND*            ;        ;              ;           ; Column I/O ;                 ; no       ; Off          ;
; D8       ; 193        ; 2        ; GND*            ;        ;              ;           ; Column I/O ;                 ; no       ; Off          ;
; D9       ; 185        ; 2        ; GND*            ;        ;              ;           ; Column I/O ;                 ; no       ; Off          ;
; D10      ; 177        ; 2        ; GND*            ;        ;              ;           ; Column I/O ;                 ; no       ; Off          ;
; D11      ; 171        ; 2        ; GND*            ;        ;              ;           ; Column I/O ;                 ; no       ; Off          ;
; D12      ; 167        ; 2        ; GND*            ;        ;              ;           ; Column I/O ;                 ; no       ; Off          ;
; D13      ; 162        ; 3        ; GND*            ;        ;              ;           ; Row I/O    ;                 ; no       ; Off          ;
; D14      ; 156        ; 3        ; GND*            ;        ;              ;           ; Row I/O    ;                 ; no       ; Off          ;
; D15      ; 154        ; 3        ; GND*            ;        ;              ;           ; Row I/O    ;                 ; no       ; Off          ;
; D16      ; 152        ; 3        ; GND*            ;        ;              ;           ; Row I/O    ;                 ; no       ; Off          ;
; E1       ; 11         ; 1        ; dest[0]         ; output ; 3.3-V LVTTL  ;           ; Row I/O    ; Y               ; no       ; Off          ;
; E2       ; 9          ; 1        ; enable          ; input  ; 3.3-V LVTTL  ;           ; Row I/O    ; Y               ; no       ; Off          ;
; E3       ; 2          ; 1        ; btnout[4]       ; input  ; 3.3-V LVTTL  ;           ; Row I/O    ; Y               ; no       ; Off          ;
; E4       ; 4          ; 1        ; GND*            ;        ;              ;           ; Row I/O    ;                 ; no       ; Off          ;
; E5       ; 6          ; 1        ; GND*            ;        ;              ;           ; Row I/O    ;                 ; no       ; Off          ;
; E6       ; 205        ; 2        ; GND*            ;        ;              ;           ; Column I/O ;                 ; no       ; Off          ;
; E7       ; 199        ; 2        ; GND*            ;        ;              ;           ; Column I/O ;                 ; no       ; Off          ;
; E8       ; 191        ; 2        ; GND*            ;        ;              ;           ; Column I/O ;                 ; no       ; Off          ;
; E9       ; 187        ; 2        ; GND*            ;        ;              ;           ; Column I/O ;                 ; no       ; Off          ;
; E10      ; 179        ; 2        ; GND*            ;        ;              ;           ; Column I/O ;                 ; no       ; Off          ;
; E11      ; 173        ; 2        ; GND*            ;        ;              ;           ; Column I/O ;                 ; no       ; Off          ;
; E12      ; 157        ; 3        ; GND*            ;        ;              ;           ; Row I/O    ;                 ; no       ; Off          ;
; E13      ; 159        ; 3        ; GND*            ;        ;              ;           ; Row I/O    ;                 ; no       ; Off          ;
; E14      ; 161        ; 3        ; GND*            ;        ;              ;           ; Row I/O    ;                 ; no       ; Off          ;
; E15      ; 150        ; 3        ; GND*            ;        ;              ;           ; Row I/O    ;                 ; no       ; Off          ;
; E16      ; 148        ; 3        ; GND*            ;        ;              ;           ; Row I/O    ;                 ; no       ; Off          ;
; F1       ; 15         ; 1        ; btnout[3]       ; input  ; 3.3-V LVTTL  ;           ; Row I/O    ; Y               ; no       ; Off          ;
; F2       ; 13         ; 1        ; GND*            ;        ;              ;           ; Row I/O    ;                 ; no       ; Off          ;
; F3       ; 8          ; 1        ; btnout[2]       ; input  ; 3.3-V LVTTL  ;           ; Row I/O    ; Y               ; no       ; Off          ;
; F4       ; 10         ; 1        ; GND*            ;        ;              ;           ; Row I/O    ;                 ; no       ; Off          ;
; F5       ; 12         ; 1        ; GND*            ;        ;              ;           ; Row I/O    ;                 ; no       ; Off          ;
; F6       ; 14         ; 1        ; GND*            ;        ;              ;           ; Row I/O    ;                 ; no       ; Off          ;
; F7       ; 197        ; 2        ; GND*            ;        ;              ;           ; Column I/O ;                 ; no       ; Off          ;
; F8       ;            ; 2        ; VCCIO2          ; power  ;              ; 3.3V      ; --         ;                 ; --       ; --           ;
; F9       ;            ; 2        ; VCCIO2          ; power  ;              ; 3.3V      ; --         ;                 ; --       ; --           ;
; F10      ; 181        ; 2        ; GND*            ;        ;              ;           ; Column I/O ;                 ; no       ; Off          ;
; F11      ; 149        ; 3        ; GND*            ;        ;              ;           ; Row I/O    ;                 ; no       ; Off          ;
; F12      ; 151        ; 3        ; GND*            ;        ;              ;           ; Row I/O    ;                 ; no       ; Off          ;
; F13      ; 153        ; 3        ; GND*            ;        ;              ;           ; Row I/O    ;                 ; no       ; Off          ;
; F14      ; 155        ; 3        ; GND*            ;        ;              ;           ; Row I/O    ;                 ; no       ; Off          ;
; F15      ; 146        ; 3        ; GND*            ;        ;              ;           ; Row I/O    ;                 ; no       ; Off          ;
; F16      ; 144        ; 3        ; GND*            ;        ;              ;           ; Row I/O    ;                 ; no       ; Off          ;
; G1       ; 19         ; 1        ; btnout[1]       ; input  ; 3.3-V LVTTL  ;           ; Row I/O    ; Y               ; no       ; Off          ;
; G2       ; 17         ; 1        ; GND*            ;        ;              ;           ; Row I/O    ;                 ; no       ; Off          ;
; G3       ; 16         ; 1        ; btnout[0]       ; input  ; 3.3-V LVTTL  ;           ; Row I/O    ; Y               ; no       ; Off          ;
; G4       ; 18         ; 1        ; GND*            ;        ;              ;           ; Row I/O    ;                 ; no       ; Off          ;
; G5       ; 20         ; 1        ; GND*            ;        ;              ;           ; Row I/O    ;                 ; no       ; Off          ;
; G6       ; 22         ; 1        ; GND*            ;        ;              ;           ; Row I/O    ;                 ; no       ; Off          ;
; G7       ;            ;          ; GNDIO           ; gnd    ;              ;           ; --         ;                 ; --       ; --           ;
; G8       ;            ;          ; GNDIO           ; gnd    ;              ;           ; --         ;                 ; --       ; --           ;
; G9       ;            ;          ; GNDIO           ; gnd    ;              ;           ; --         ;                 ; --       ; --           ;
; G10      ;            ;          ; GNDIO           ; gnd    ;              ;           ; --         ;                 ; --       ; --           ;
; G11      ; 143        ; 3        ; GND*            ;        ;              ;           ; Row I/O    ;                 ; no       ; Off          ;
; G12      ; 141        ; 3        ; GND*            ;        ;              ;           ; Row I/O    ;                 ; no       ; Off          ;
; G13      ; 145        ; 3        ; GND*            ;        ;              ;           ; Row I/O    ;                 ; no       ; Off          ;
; G14      ; 147        ; 3        ; GND*            ;        ;              ;           ; Row I/O    ;                 ; no       ; Off          ;
; G15      ; 142        ; 3        ; GND*            ;        ;              ;           ; Row I/O    ;                 ; no       ; Off          ;
; G16      ; 140        ; 3        ; GND*            ;        ;              ;           ; Row I/O    ;                 ; no       ; Off          ;
; H1       ; 23         ; 1        ; GND*            ;        ;              ;           ; Row I/O    ;                 ; no       ; Off          ;
; H2       ; 21         ; 1        ; GND*            ;        ;              ;           ; Row I/O    ;                 ; no       ; Off          ;
; H3       ; 24         ; 1        ; btncar[4]       ; input  ; 3.3-V LVTTL  ;           ; Row I/O    ; Y               ; no       ; Off          ;
; H4       ; 28         ; 1        ; GND*            ;        ;              ;           ; Row I/O    ;                 ; no       ; Off          ;
; H5       ; 26         ; 1        ; clk             ; input  ; 3.3-V LVTTL  ;           ; Row I/O    ; Y               ; no       ; Off          ;
; H6       ;            ; 1        ; VCCIO1          ; power  ;              ; 3.3V      ; --         ;                 ; --       ; --           ;
; H7       ;            ;          ; GNDINT          ; gnd    ;              ;           ; --         ;                 ; --       ; --           ;
; H8       ;            ;          ; VCCINT          ; power  ;              ; 2.5V/3.3V ; --         ;                 ; --       ; --           ;
; H9       ;            ;          ; GNDINT          ; gnd    ;              ;           ; --         ;                 ; --       ; --           ;
; H10      ;            ;          ; VCCINT          ; power  ;              ; 2.5V/3.3V ; --         ;                 ; --       ; --           ;
; H11      ;            ; 3        ; VCCIO3          ; power  ;              ; 3.3V      ; --         ;                 ; --       ; --           ;
; H12      ; 135        ; 3        ; GND*            ;        ;              ;           ; Row I/O    ;                 ; no       ; Off          ;
; H13      ; 137        ; 3        ; GND*            ;        ;              ;           ; Row I/O    ;                 ; no       ; Off          ;
; H14      ; 139        ; 3        ; GND*            ;        ;              ;           ; Row I/O    ;                 ; no       ; Off          ;
; H15      ; 138        ; 3        ; GND*            ;        ;              ;           ; Row I/O    ;                 ; no       ; Off          ;
; H16      ; 136        ; 3        ; GND*            ;        ;              ;           ; Row I/O    ;                 ; no       ; Off          ;
; J1       ; 25         ; 1        ; GND*            ;        ;              ;           ; Row I/O    ;                 ; no       ; Off          ;
; J2       ; 29         ; 1        ; btncar[3]       ; input  ; 3.3-V LVTTL  ;           ; Row I/O    ; Y               ; no       ; Off          ;
; J3       ; 32         ; 1        ; btncar[2]       ; input  ; 3.3-V LVTTL  ;           ; Row I/O    ; Y               ; no       ; Off          ;
; J4       ; 30         ; 1        ; state[1]        ; output ; 3.3-V LVTTL  ;           ; Row I/O    ; Y               ; no       ; Off          ;
; J5       ; 27         ; 1        ; GND*            ;        ;              ;           ; Row I/O    ;                 ; no       ; Off          ;
; J6       ;            ; 1        ; VCCIO1          ; power  ;              ; 3.3V      ; --         ;                 ; --       ; --           ;
; J7       ;            ;          ; VCCINT          ; power  ;              ; 2.5V/3.3V ; --         ;                 ; --       ; --           ;
; J8       ;            ;          ; GNDINT          ; gnd    ;              ;           ; --         ;                 ; --       ; --           ;
; J9       ;            ;          ; VCCINT          ; power  ;              ; 2.5V/3.3V ; --         ;                 ; --       ; --           ;
; J10      ;            ;          ; GNDINT          ; gnd    ;              ;           ; --         ;                 ; --       ; --           ;
; J11      ;            ; 3        ; VCCIO3          ; power  ;              ; 3.3V      ; --         ;                 ; --       ; --           ;
; J12      ; 134        ; 3        ; btnidccar[4]    ; output ; 3.3-V LVTTL  ;           ; Row I/O    ; N               ; no       ; Off          ;
; J13      ; 133        ; 3        ; GND*            ;        ;              ;           ; Row I/O    ;                 ; no       ; Off          ;
; J14      ; 131        ; 3        ; GND*            ;        ;              ;           ; Row I/O    ;                 ; no       ; Off          ;
; J15      ; 130        ; 3        ; btnidcout[4]    ; output ; 3.3-V LVTTL  ;           ; Row I/O    ; N               ; no       ; Off          ;
; J16      ; 132        ; 3        ; btnidccar[0]    ; output ; 3.3-V LVTTL  ;           ; Row I/O    ; N               ; no       ; Off          ;
; K1       ; 31         ; 1        ; GND*            ;        ;              ;           ; Row I/O    ;                 ; no       ; Off          ;
; K2       ; 33         ; 1        ; btncar[1]       ; input  ; 3.3-V LVTTL  ;           ; Row I/O    ; Y               ; no       ; Off          ;
; K3       ; 40         ; 1        ; btncar[0]       ; input  ; 3.3-V LVTTL  ;           ; Row I/O    ; Y               ; no       ; Off          ;
; K4       ; 38         ; 1        ; resetn          ; input  ; 3.3-V LVTTL  ;           ; Row I/O    ; Y               ; no       ; Off          ;
; K5       ; 36         ; 1        ; GND*            ;        ;              ;           ; Row I/O    ;                 ; no       ; Off          ;
; K6       ; 34         ; 1        ; GND*            ;        ;              ;           ; Row I/O    ;                 ; no       ; Off          ;
; K7       ;            ;          ; GNDIO           ; gnd    ;              ;           ; --         ;                 ; --       ; --           ;
; K8       ;            ;          ; GNDIO           ; gnd    ;              ;           ; --         ;                 ; --       ; --           ;
; K9       ;            ;          ; GNDIO           ; gnd    ;              ;           ; --         ;                 ; --       ; --           ;
; K10      ;            ;          ; GNDIO           ; gnd    ;              ;           ; --         ;                 ; --       ; --           ;
; K11      ; 129        ; 3        ; GND*            ;        ;              ;           ; Row I/O    ;                 ; no       ; Off          ;
; K12      ; 127        ; 3        ; btnidcout[0]    ; output ; 3.3-V LVTTL  ;           ; Row I/O    ; N               ; no       ; Off          ;
; K13      ; 125        ; 3        ; GND*            ;        ;              ;           ; Row I/O    ;                 ; no       ; Off          ;
; K14      ; 123        ; 3        ; GND*            ;        ;              ;           ; Row I/O    ;                 ; no       ; Off          ;
; K15      ; 126        ; 3        ; GND*            ;        ;              ;           ; Row I/O    ;                 ; no       ; Off          ;
; K16      ; 128        ; 3        ; GND*            ;        ;              ;           ; Row I/O    ;                 ; no       ; Off          ;
; L1       ; 35         ; 1        ; open            ; input  ; 3.3-V LVTTL  ;           ; Row I/O    ; Y               ; no       ; Off          ;
; L2       ; 37         ; 1        ; shut            ; input  ; 3.3-V LVTTL  ;           ; Row I/O    ; Y               ; no       ; Off          ;
; L3       ; 46         ; 1        ; GND*            ;        ;              ;           ; Row I/O    ;                 ; no       ; Off          ;
; L4       ; 44         ; 1        ; GND*            ;        ;              ;           ; Row I/O    ;                 ; no       ; Off          ;
; L5       ; 42         ; 1        ; GND*            ;        ;              ;           ; Row I/O    ;                 ; no       ; Off          ;
; L6       ; 51         ; 1        ; #TDI            ; input  ;              ;           ; --         ;                 ; --       ; --           ;
; L7       ; 73         ; 4        ; GND*            ;        ;              ;           ; Column I/O ;                 ; no       ; Off          ;
; L8       ;            ; 4        ; VCCIO4          ; power  ;              ; 3.3V      ; --         ;                 ; --       ; --           ;
; L9       ;            ; 4        ; VCCIO4          ; power  ;              ; 3.3V      ; --         ;                 ; --       ; --           ;
; L10      ; 87         ; 4        ; btnidccar[1]    ; output ; 3.3-V LVTTL  ;           ; Column I/O ; N               ; no       ; Off          ;
; L11      ; 121        ; 3        ; GND*            ;        ;              ;           ; Row I/O    ;                 ; no       ; Off          ;
; L12      ; 119        ; 3        ; GND*            ;        ;              ;           ; Row I/O    ;                 ; no       ; Off          ;
; L13      ; 117        ; 3        ; GND*            ;        ;              ;           ; Row I/O    ;                 ; no       ; Off          ;
; L14      ; 115        ; 3        ; GND*            ;        ;              ;           ; Row I/O    ;                 ; no       ; Off          ;
; L15      ; 122        ; 3        ; GND*            ;        ;              ;           ; Row I/O    ;                 ; no       ; Off          ;
; L16      ; 124        ; 3        ; GND*            ;        ;              ;           ; Row I/O    ;                 ; no       ; Off          ;
; M1       ; 39         ; 1        ; state[0]        ; output ; 3.3-V LVTTL  ;           ; Row I/O    ; Y               ; no       ; Off          ;
; M2       ; 41         ; 1        ; GND*            ;        ;              ;           ; Row I/O    ;                 ; no       ; Off          ;
; M3       ; 43         ; 1        ; GND*            ;        ;              ;           ; Row I/O    ;                 ; no       ; Off          ;
; M4       ; 48         ; 1        ; GND*            ;        ;              ;           ; Row I/O    ;                 ; no       ; Off          ;
; M5       ; 53         ; 1        ; #TDO            ; output ;              ;           ; --         ;                 ; --       ; --           ;
; M6       ; 65         ; 4        ; GND*            ;        ;              ;           ; Column I/O ;                 ; no       ; Off          ;
; M7       ; 71         ; 4        ; GND*            ;        ;              ;           ; Column I/O ;                 ; no       ; Off          ;
; M8       ; 85         ; 4        ; doorcnt[2]      ; output ; 3.3-V LVTTL  ;           ; Column I/O ; N               ; no       ; Off          ;
; M9       ; 86         ; 4        ; btnidcout[1]    ; output ; 3.3-V LVTTL  ;           ; Column I/O ; N               ; no       ; Off          ;
; M10      ; 89         ; 4        ; btnidccar[3]    ; output ; 3.3-V LVTTL  ;           ; Column I/O ; N               ; no       ; Off          ;
; M11      ; 95         ; 4        ; GND*            ;        ;              ;           ; Column I/O ;                 ; no       ; Off          ;
; M12      ; 101        ; 4        ; GND*            ;        ;              ;           ; Column I/O ;                 ; no       ; Off          ;
; M13      ; 113        ; 3        ; GND*            ;        ;              ;           ; Row I/O    ;                 ; no       ; Off          ;
; M14      ; 111        ; 3        ; GND*            ;        ;              ;           ; Row I/O    ;                 ; no       ; Off          ;
; M15      ; 118        ; 3        ; GND*            ;        ;              ;           ; Row I/O    ;                 ; no       ; Off          ;
; M16      ; 120        ; 3        ; GND*            ;        ;              ;           ; Row I/O    ;                 ; no       ; Off          ;
; N1       ; 45         ; 1        ; GND*            ;        ;              ;           ; Row I/O    ;                 ; no       ; Off          ;
; N2       ; 47         ; 1        ; GND*            ;        ;              ;           ; Row I/O    ;                 ; no       ; Off          ;
; N3       ; 49         ; 1        ; GND*            ;        ;              ;           ; Column I/O ;                 ; no       ; Off          ;
; N4       ; 50         ; 1        ; #TMS            ; input  ;              ;           ; --         ;                 ; --       ; --           ;
; N5       ; 59         ; 4        ; GND*            ;        ;              ;           ; Column I/O ;                 ; no       ; Off          ;
; N6       ; 63         ; 4        ; GND*            ;        ;              ;           ; Column I/O ;                 ; no       ; Off          ;
; N7       ; 69         ; 4        ; GND*            ;        ;              ;           ; Column I/O ;                 ; no       ; Off          ;
; N8       ; 77         ; 4        ; GND*            ;        ;              ;           ; Column I/O ;                 ; no       ; Off          ;
; N9       ; 79         ; 4        ; GND*            ;        ;              ;           ; Column I/O ;                 ; no       ; Off          ;
; N10      ; 91         ; 4        ; GND*            ;        ;              ;           ; Column I/O ;                 ; no       ; Off          ;
; N11      ; 97         ; 4        ; GND*            ;        ;              ;           ; Column I/O ;                 ; no       ; Off          ;
; N12      ; 103        ; 4        ; GND*            ;        ;              ;           ; Column I/O ;                 ; no       ; Off          ;
; N13      ; 109        ; 3        ; GND*            ;        ;              ;           ; Row I/O    ;                 ; no       ; Off          ;
; N14      ; 112        ; 3        ; GND*            ;        ;              ;           ; Row I/O    ;                 ; no       ; Off          ;
; N15      ; 114        ; 3        ; GND*            ;        ;              ;           ; Row I/O    ;                 ; no       ; Off          ;
; N16      ; 116        ; 3        ; GND*            ;        ;              ;           ; Row I/O    ;                 ; no       ; Off          ;
; P1       ;            ; 1        ; VCCIO1          ; power  ;              ; 3.3V      ; --         ;                 ; --       ; --           ;
; P2       ; 54         ; 1        ; GND*            ;        ;              ;           ; Column I/O ;                 ; no       ; Off          ;
; P3       ; 52         ; 1        ; #TCK            ; input  ;              ;           ; --         ;                 ; --       ; --           ;
; P4       ; 55         ; 4        ; GND*            ;        ;              ;           ; Column I/O ;                 ; no       ; Off          ;
; P5       ; 57         ; 4        ; GND*            ;        ;              ;           ; Column I/O ;                 ; no       ; Off          ;
; P6       ; 61         ; 4        ; GND*            ;        ;              ;           ; Column I/O ;                 ; no       ; Off          ;
; P7       ; 67         ; 4        ; GND*            ;        ;              ;           ; Column I/O ;                 ; no       ; Off          ;
; P8       ; 75         ; 4        ; GND*            ;        ;              ;           ; Column I/O ;                 ; no       ; Off          ;
; P9       ; 83         ; 4        ; btnidccar[2]    ; output ; 3.3-V LVTTL  ;           ; Column I/O ; N               ; no       ; Off          ;
; P10      ; 93         ; 4        ; GND*            ;        ;              ;           ; Column I/O ;                 ; no       ; Off          ;
; P11      ; 99         ; 4        ; GND*            ;        ;              ;           ; Column I/O ;                 ; no       ; Off          ;
; P12      ; 105        ; 4        ; GND*            ;        ;              ;           ; Column I/O ;                 ; no       ; Off          ;
; P13      ; 107        ; 4        ; movecnt[1]      ; output ; 3.3-V LVTTL  ;           ; Column I/O ; Y               ; no       ; Off          ;
; P14      ; 108        ; 3        ; GND*            ;        ;              ;           ; Row I/O    ;                 ; no       ; Off          ;
; P15      ; 110        ; 3        ; GND*            ;        ;              ;           ; Row I/O    ;                 ; no       ; Off          ;
; P16      ;            ; 3        ; VCCIO3          ; power  ;              ; 3.3V      ; --         ;                 ; --       ; --           ;
; R1       ; 56         ; 4        ; GND*            ;        ;              ;           ; Column I/O ;                 ; no       ; Off          ;
; R2       ;            ;          ; GNDIO           ; gnd    ;              ;           ; --         ;                 ; --       ; --           ;
; R3       ; 60         ; 4        ; GND*            ;        ;              ;           ; Column I/O ;                 ; no       ; Off          ;
; R4       ; 62         ; 4        ; GND*            ;        ;              ;           ; Column I/O ;                 ; no       ; Off          ;
; R5       ; 66         ; 4        ; GND*            ;        ;              ;           ; Column I/O ;                 ; no       ; Off          ;
; R6       ; 70         ; 4        ; GND*            ;        ;              ;           ; Column I/O ;                 ; no       ; Off          ;
; R7       ; 74         ; 4        ; GND*            ;        ;              ;           ; Column I/O ;                 ; no       ; Off          ;
; R8       ; 78         ; 4        ; GND*            ;        ;              ;           ; Column I/O ;                 ; no       ; Off          ;
; R9       ; 82         ; 4        ; GND*            ;        ;              ;           ; Column I/O ;                 ; no       ; Off          ;
; R10      ; 88         ; 4        ; btnidcout[3]    ; output ; 3.3-V LVTTL  ;           ; Column I/O ; N               ; no       ; Off          ;
; R11      ; 92         ; 4        ; GND*            ;        ;              ;           ; Column I/O ;                 ; no       ; Off          ;
; R12      ; 96         ; 4        ; GND*            ;        ;              ;           ; Column I/O ;                 ; no       ; Off          ;
; R13      ; 100        ; 4        ; doorcnt[0]      ; output ; 3.3-V LVTTL  ;           ; Column I/O ; Y               ; no       ; Off          ;
; R14      ; 102        ; 4        ; GND*            ;        ;              ;           ; Column I/O ;                 ; no       ; Off          ;
; R15      ;            ;          ; GNDIO           ; gnd    ;              ;           ; --         ;                 ; --       ; --           ;
; R16      ; 106        ; 4        ; GND*            ;        ;              ;           ; Column I/O ;                 ; no       ; Off          ;
; T1       ;            ;          ; GNDIO           ; gnd    ;              ;           ; --         ;                 ; --       ; --           ;
; T2       ; 58         ; 4        ; GND*            ;        ;              ;           ; Column I/O ;                 ; no       ; Off          ;
; T3       ;            ; 4        ; VCCIO4          ; power  ;              ; 3.3V      ; --         ;                 ; --       ; --           ;
; T4       ; 64         ; 4        ; GND*            ;        ;              ;           ; Column I/O ;                 ; no       ; Off          ;
; T5       ; 68         ; 4        ; GND*            ;        ;              ;           ; Column I/O ;                 ; no       ; Off          ;
; T6       ; 72         ; 4        ; GND*            ;        ;              ;           ; Column I/O ;                 ; no       ; Off          ;
; T7       ; 76         ; 4        ; GND*            ;        ;              ;           ; Column I/O ;                 ; no       ; Off          ;
; T8       ; 80         ; 4        ; GND*            ;        ;              ;           ; Column I/O ;                 ; no       ; Off          ;
; T9       ; 81         ; 4        ; GND*            ;        ;              ;           ; Column I/O ;                 ; no       ; Off          ;
; T10      ; 84         ; 4        ; btnidcout[2]    ; output ; 3.3-V LVTTL  ;           ; Column I/O ; N               ; no       ; Off          ;
; T11      ; 90         ; 4        ; GND*            ;        ;              ;           ; Column I/O ;                 ; no       ; Off          ;
; T12      ; 94         ; 4        ; movecnt[0]      ; output ; 3.3-V LVTTL  ;           ; Column I/O ; Y               ; no       ; Off          ;
; T13      ; 98         ; 4        ; doorcnt[1]      ; output ; 3.3-V LVTTL  ;           ; Column I/O ; Y               ; no       ; Off          ;
; T14      ;            ; 4        ; VCCIO4          ; power  ;              ; 3.3V      ; --         ;                 ; --       ; --           ;
; T15      ; 104        ; 4        ; GND*            ;        ;              ;           ; Column I/O ;                 ; no       ; Off          ;
; T16      ;            ;          ; GNDIO           ; gnd    ;              ;           ; --         ;                 ; --       ; --           ;
+----------+------------+----------+-----------------+--------+--------------+-----------+------------+-----------------+----------+--------------+
Note: Pin directions (input, output or bidir) are based on device operating in user mode.


+-------------------------------------------------------------+
; Output Pin Default Load For Reported TCO                    ;
+----------------------------+-------+------------------------+
; I/O Standard               ; Load  ; Termination Resistance ;
+----------------------------+-------+------------------------+
; 3.3-V LVTTL                ; 10 pF ; Not Available          ;
; 3.3-V LVCMOS               ; 10 pF ; Not Available          ;
; 2.5 V                      ; 10 pF ; Not Available          ;
; 1.8 V                      ; 10 pF ; Not Available          ;
; 1.5 V                      ; 10 pF ; Not Available          ;
; 3.3V Schmitt Trigger Input ; 10 pF ; Not Available          ;
; 2.5V Schmitt Trigger Input ; 10 pF ; Not Available          ;
; 3.3-V PCI                  ; 10 pF ; 25 Ohm (Parallel)      ;
+----------------------------+-------+------------------------+
Note: User assignments will override these defaults. The user specified values are listed in the Output Pins and Bidir Pins tables.


+--------------------------------------------+
; I/O Assignment Warnings                    ;
+--------------+-----------------------------+
; Pin Name     ; Reason                      ;
+--------------+-----------------------------+
; btnidccar[0] ; Missing location assignment ;
; btnidccar[1] ; Missing location assignment ;
; btnidccar[2] ; Missing location assignment ;
; btnidccar[3] ; Missing location assignment ;
; btnidccar[4] ; Missing location assignment ;
; btnidcout[0] ; Missing location assignment ;
; btnidcout[1] ; Missing location assignment ;
; btnidcout[2] ; Missing location assignment ;
; btnidcout[3] ; Missing location assignment ;
; btnidcout[4] ; Missing location assignment ;
; doorcnt[2]   ; Missing location assignment ;
+--------------+-----------------------------+


+---------------------------------------------------------------------------------------------------------------------------------------------------------------------------------------------------------------------------------------------------------------------+
; Fitter Resource Utilization by Entity                                                                                                                                                                                                                               ;
+-----------------------------+-------------+--------------+------------+------+--------------+--------------+-------------------+------------------+-----------------+------------+---------------------------------------------------+---------------+--------------+
; Compilation Hierarchy Node  ; Logic Cells ; LC Registers ; UFM Blocks ; Pins ; Virtual Pins ; LUT-Only LCs ; Register-Only LCs ; LUT/Register LCs ; Carry Chain LCs ; Packed LCs ; Full Hierarchy Name                               ; Entity Name   ; Library Name ;
+-----------------------------+-------------+--------------+------------+------+--------------+--------------+-------------------+------------------+-----------------+------------+---------------------------------------------------+---------------+--------------+
; |main_module                ; 189 (7)     ; 71           ; 0          ; 38   ; 0            ; 118 (7)      ; 17 (0)            ; 54 (0)           ; 24 (0)          ; 6 (0)      ; |main_module                                      ; main_module   ; work         ;
;    |car_indicator:car|      ; 43 (43)     ; 10           ; 0          ; 0    ; 0            ; 33 (33)      ; 0 (0)             ; 10 (10)          ; 0 (0)           ; 0 (0)      ; |main_module|car_indicator:car                    ; car_indicator ; work         ;
;    |counter_1s:uut|         ; 60 (60)     ; 28           ; 0          ; 0    ; 0            ; 32 (32)      ; 7 (7)             ; 21 (21)          ; 24 (24)         ; 6 (6)      ; |main_module|counter_1s:uut                       ; counter_1s    ; work         ;
;    |dest_setter:mcds|       ; 79 (49)     ; 33           ; 0          ; 0    ; 0            ; 46 (46)      ; 10 (0)            ; 23 (3)           ; 0 (0)           ; 0 (0)      ; |main_module|dest_setter:mcds                     ; dest_setter   ; work         ;
;       |pushbutton:btn_car1| ; 3 (3)       ; 3            ; 0          ; 0    ; 0            ; 0 (0)        ; 1 (1)             ; 2 (2)            ; 0 (0)           ; 0 (0)      ; |main_module|dest_setter:mcds|pushbutton:btn_car1 ; pushbutton    ; work         ;
;       |pushbutton:btn_car2| ; 3 (3)       ; 3            ; 0          ; 0    ; 0            ; 0 (0)        ; 1 (1)             ; 2 (2)            ; 0 (0)           ; 0 (0)      ; |main_module|dest_setter:mcds|pushbutton:btn_car2 ; pushbutton    ; work         ;
;       |pushbutton:btn_car3| ; 3 (3)       ; 3            ; 0          ; 0    ; 0            ; 0 (0)        ; 1 (1)             ; 2 (2)            ; 0 (0)           ; 0 (0)      ; |main_module|dest_setter:mcds|pushbutton:btn_car3 ; pushbutton    ; work         ;
;       |pushbutton:btn_car4| ; 3 (3)       ; 3            ; 0          ; 0    ; 0            ; 0 (0)        ; 1 (1)             ; 2 (2)            ; 0 (0)           ; 0 (0)      ; |main_module|dest_setter:mcds|pushbutton:btn_car4 ; pushbutton    ; work         ;
;       |pushbutton:btn_car5| ; 3 (3)       ; 3            ; 0          ; 0    ; 0            ; 0 (0)        ; 1 (1)             ; 2 (2)            ; 0 (0)           ; 0 (0)      ; |main_module|dest_setter:mcds|pushbutton:btn_car5 ; pushbutton    ; work         ;
;       |pushbutton:btn_out1| ; 3 (3)       ; 3            ; 0          ; 0    ; 0            ; 0 (0)        ; 1 (1)             ; 2 (2)            ; 0 (0)           ; 0 (0)      ; |main_module|dest_setter:mcds|pushbutton:btn_out1 ; pushbutton    ; work         ;
;       |pushbutton:btn_out2| ; 3 (3)       ; 3            ; 0          ; 0    ; 0            ; 0 (0)        ; 1 (1)             ; 2 (2)            ; 0 (0)           ; 0 (0)      ; |main_module|dest_setter:mcds|pushbutton:btn_out2 ; pushbutton    ; work         ;
;       |pushbutton:btn_out3| ; 3 (3)       ; 3            ; 0          ; 0    ; 0            ; 0 (0)        ; 1 (1)             ; 2 (2)            ; 0 (0)           ; 0 (0)      ; |main_module|dest_setter:mcds|pushbutton:btn_out3 ; pushbutton    ; work         ;
;       |pushbutton:btn_out4| ; 3 (3)       ; 3            ; 0          ; 0    ; 0            ; 0 (0)        ; 1 (1)             ; 2 (2)            ; 0 (0)           ; 0 (0)      ; |main_module|dest_setter:mcds|pushbutton:btn_out4 ; pushbutton    ; work         ;
;       |pushbutton:btn_out5| ; 3 (3)       ; 3            ; 0          ; 0    ; 0            ; 0 (0)        ; 1 (1)             ; 2 (2)            ; 0 (0)           ; 0 (0)      ; |main_module|dest_setter:mcds|pushbutton:btn_out5 ; pushbutton    ; work         ;
+-----------------------------+-------------+--------------+------------+------+--------------+--------------+-------------------+------------------+-----------------+------------+---------------------------------------------------+---------------+--------------+
Note: For table entries with two numbers listed, the numbers in parentheses indicate the number of resources of the given type used by the specific entity alone. The numbers listed outside of parentheses indicate the total resources of the given type used by the specific entity and all of its sub-entities in the hierarchy.


+--------------------------------------------+
; Delay Chain Summary                        ;
+-----------------+----------+---------------+
; Name            ; Pin Type ; Pad to Core 0 ;
+-----------------+----------+---------------+
; car_location[0] ; Output   ; --            ;
; car_location[1] ; Output   ; --            ;
; car_location[2] ; Output   ; --            ;
; dest[0]         ; Output   ; --            ;
; dest[1]         ; Output   ; --            ;
; dest[2]         ; Output   ; --            ;
; state[0]        ; Output   ; --            ;
; state[1]        ; Output   ; --            ;
; btnidccar[0]    ; Output   ; --            ;
; btnidccar[1]    ; Output   ; --            ;
; btnidccar[2]    ; Output   ; --            ;
; btnidccar[3]    ; Output   ; --            ;
; btnidccar[4]    ; Output   ; --            ;
; btnidcout[0]    ; Output   ; --            ;
; btnidcout[1]    ; Output   ; --            ;
; btnidcout[2]    ; Output   ; --            ;
; btnidcout[3]    ; Output   ; --            ;
; btnidcout[4]    ; Output   ; --            ;
; doorcnt[0]      ; Output   ; --            ;
; doorcnt[1]      ; Output   ; --            ;
; doorcnt[2]      ; Output   ; --            ;
; movecnt[0]      ; Output   ; --            ;
; movecnt[1]      ; Output   ; --            ;
; clk             ; Input    ; (0)           ;
; resetn          ; Input    ; (1)           ;
; open            ; Input    ; (1)           ;
; btncar[4]       ; Input    ; (1)           ;
; btnout[4]       ; Input    ; (1)           ;
; btncar[1]       ; Input    ; (1)           ;
; btncar[3]       ; Input    ; (1)           ;
; btncar[2]       ; Input    ; (1)           ;
; btncar[0]       ; Input    ; (1)           ;
; btnout[1]       ; Input    ; (1)           ;
; btnout[3]       ; Input    ; (1)           ;
; btnout[2]       ; Input    ; (1)           ;
; btnout[0]       ; Input    ; (1)           ;
; shut            ; Input    ; (1)           ;
; enable          ; Input    ; (1)           ;
+-----------------+----------+---------------+


+---------------------------------------------------------------------------------------------------------------------------+
; Control Signals                                                                                                           ;
+--------------------------------+--------------+---------+--------------+--------+----------------------+------------------+
; Name                           ; Location     ; Fan-Out ; Usage        ; Global ; Global Resource Used ; Global Line Name ;
+--------------------------------+--------------+---------+--------------+--------+----------------------+------------------+
; car_indicator:car|movecnt[0]~2 ; LC_X11_Y4_N4 ; 2       ; Clock enable ; no     ; --                   ; --               ;
; clk                            ; PIN_H5       ; 71      ; Clock        ; yes    ; Global Clock         ; GCLK0            ;
; counter_1s:uut|count1000[9]~0  ; LC_X9_Y4_N6  ; 10      ; Clock enable ; no     ; --                   ; --               ;
; counter_1s:uut|count100[6]~1   ; LC_X10_Y7_N7 ; 7       ; Clock enable ; no     ; --                   ; --               ;
; counter_1s:uut|countVal[3]~3   ; LC_X10_Y5_N5 ; 3       ; Clock enable ; no     ; --                   ; --               ;
; dest_setter:mcds|btnoff1       ; LC_X12_Y3_N4 ; 6       ; Async. clear ; yes    ; Global Clock         ; GCLK2            ;
; dest_setter:mcds|btnoff2       ; LC_X12_Y3_N8 ; 6       ; Async. clear ; yes    ; Global Clock         ; GCLK1            ;
; dest_setter:mcds|btnoff3       ; LC_X12_Y3_N6 ; 6       ; Async. clear ; no     ; --                   ; --               ;
; dest_setter:mcds|btnoff4       ; LC_X13_Y4_N3 ; 6       ; Async. clear ; no     ; --                   ; --               ;
; dest_setter:mcds|btnoff5       ; LC_X13_Y5_N4 ; 6       ; Async. clear ; no     ; --                   ; --               ;
; enable                         ; PIN_E2       ; 11      ; Clock enable ; no     ; --                   ; --               ;
; resetn                         ; PIN_K4       ; 46      ; Async. clear ; yes    ; Global Clock         ; GCLK3            ;
+--------------------------------+--------------+---------+--------------+--------+----------------------+------------------+


+---------------------------------------------------------------------------------------------+
; Global & Other Fast Signals                                                                 ;
+--------------------------+--------------+---------+----------------------+------------------+
; Name                     ; Location     ; Fan-Out ; Global Resource Used ; Global Line Name ;
+--------------------------+--------------+---------+----------------------+------------------+
; clk                      ; PIN_H5       ; 71      ; Global Clock         ; GCLK0            ;
; dest_setter:mcds|btnoff1 ; LC_X12_Y3_N4 ; 6       ; Global Clock         ; GCLK2            ;
; dest_setter:mcds|btnoff2 ; LC_X12_Y3_N8 ; 6       ; Global Clock         ; GCLK1            ;
; resetn                   ; PIN_K4       ; 46      ; Global Clock         ; GCLK3            ;
+--------------------------+--------------+---------+----------------------+------------------+


+---------------------------------------------+
; Routing Usage Summary                       ;
+-----------------------+---------------------+
; Routing Resource Type ; Usage               ;
+-----------------------+---------------------+
; C4s                   ; 149 / 2,870 ( 5 % ) ;
; Direct links          ; 57 / 3,938 ( 1 % )  ;
; Global clocks         ; 4 / 4 ( 100 % )     ;
; LAB clocks            ; 16 / 72 ( 22 % )    ;
; LUT chains            ; 26 / 1,143 ( 2 % )  ;
; Local interconnects   ; 276 / 3,938 ( 7 % ) ;
; R4s                   ; 190 / 2,832 ( 7 % ) ;
+-----------------------+---------------------+


+---------------------------------------------------------------------------+
; LAB Logic Elements                                                        ;
+--------------------------------------------+------------------------------+
; Number of Logic Elements  (Average = 9.00) ; Number of LABs  (Total = 21) ;
+--------------------------------------------+------------------------------+
; 1                                          ; 0                            ;
; 2                                          ; 1                            ;
; 3                                          ; 0                            ;
; 4                                          ; 0                            ;
; 5                                          ; 0                            ;
; 6                                          ; 0                            ;
; 7                                          ; 3                            ;
; 8                                          ; 2                            ;
; 9                                          ; 0                            ;
; 10                                         ; 15                           ;
+--------------------------------------------+------------------------------+


+-------------------------------------------------------------------+
; LAB-wide Signals                                                  ;
+------------------------------------+------------------------------+
; LAB-wide Signals  (Average = 1.71) ; Number of LABs  (Total = 21) ;
+------------------------------------+------------------------------+
; 1 Async. clear                     ; 13                           ;
; 1 Clock                            ; 18                           ;
; 1 Clock enable                     ; 2                            ;
; 2 Async. clears                    ; 3                            ;
+------------------------------------+------------------------------+


+----------------------------------------------------------------------------+
; LAB Signals Sourced                                                        ;
+---------------------------------------------+------------------------------+
; Number of Signals Sourced  (Average = 9.29) ; Number of LABs  (Total = 21) ;
+---------------------------------------------+------------------------------+
; 0                                           ; 0                            ;
; 1                                           ; 0                            ;
; 2                                           ; 1                            ;
; 3                                           ; 0                            ;
; 4                                           ; 0                            ;
; 5                                           ; 0                            ;
; 6                                           ; 0                            ;
; 7                                           ; 3                            ;
; 8                                           ; 1                            ;
; 9                                           ; 0                            ;
; 10                                          ; 14                           ;
; 11                                          ; 1                            ;
; 12                                          ; 0                            ;
; 13                                          ; 1                            ;
+---------------------------------------------+------------------------------+


+--------------------------------------------------------------------------------+
; LAB Signals Sourced Out                                                        ;
+-------------------------------------------------+------------------------------+
; Number of Signals Sourced Out  (Average = 5.86) ; Number of LABs  (Total = 21) ;
+-------------------------------------------------+------------------------------+
; 0                                               ; 0                            ;
; 1                                               ; 0                            ;
; 2                                               ; 3                            ;
; 3                                               ; 1                            ;
; 4                                               ; 4                            ;
; 5                                               ; 3                            ;
; 6                                               ; 2                            ;
; 7                                               ; 2                            ;
; 8                                               ; 1                            ;
; 9                                               ; 2                            ;
; 10                                              ; 2                            ;
; 11                                              ; 1                            ;
+-------------------------------------------------+------------------------------+


+-----------------------------------------------------------------------------+
; LAB Distinct Inputs                                                         ;
+----------------------------------------------+------------------------------+
; Number of Distinct Inputs  (Average = 11.81) ; Number of LABs  (Total = 21) ;
+----------------------------------------------+------------------------------+
; 0                                            ; 0                            ;
; 1                                            ; 0                            ;
; 2                                            ; 0                            ;
; 3                                            ; 1                            ;
; 4                                            ; 0                            ;
; 5                                            ; 0                            ;
; 6                                            ; 0                            ;
; 7                                            ; 2                            ;
; 8                                            ; 1                            ;
; 9                                            ; 4                            ;
; 10                                           ; 1                            ;
; 11                                           ; 1                            ;
; 12                                           ; 0                            ;
; 13                                           ; 2                            ;
; 14                                           ; 4                            ;
; 15                                           ; 0                            ;
; 16                                           ; 2                            ;
; 17                                           ; 2                            ;
; 18                                           ; 1                            ;
+----------------------------------------------+------------------------------+


+-------------------------------------------------------------------------+
; Fitter Device Options                                                   ;
+----------------------------------------------+--------------------------+
; Option                                       ; Setting                  ;
+----------------------------------------------+--------------------------+
; Enable user-supplied start-up clock (CLKUSR) ; Off                      ;
; Enable device-wide reset (DEV_CLRn)          ; Off                      ;
; Enable device-wide output enable (DEV_OE)    ; Off                      ;
; Enable INIT_DONE output                      ; Off                      ;
; Configuration scheme                         ; Passive Serial           ;
; Reserve all unused pins                      ; As output driving ground ;
+----------------------------------------------+--------------------------+


+-----------------+
; Fitter Messages ;
+-----------------+
Warning (18236): Number of processors has not been specified which may cause overloading on shared machines.  Set the global assignment NUM_PARALLEL_PROCESSORS in your QSF to an appropriate value for best performance.
Info (20030): Parallel compilation is enabled and will use 2 of the 2 processors detected
Info (119006): Selected device EPM1270F256C5 for design "main_module"
Info (21077): Low junction temperature is 0 degrees C
Info (21077): High junction temperature is 85 degrees C
Info (171003): Fitter is performing an Auto Fit compilation, which may decrease Fitter effort to reduce compilation time
Warning (292013): Feature LogicLock is only available with a valid subscription license. You can purchase a software subscription to gain full access to this feature.
Info (176444): Device migration not selected. If you intend to use device migration later, you may need to change the pin assignments as they may be incompatible with other devices
    Info (176445): Device EPM570F256C5 is compatible
    Info (176445): Device EPM570F256I5 is compatible
    Info (176445): Device EPM1270F256I5 is compatible
    Info (176445): Device EPM1270F256A5 is compatible
    Info (176445): Device EPM2210F256C5 is compatible
    Info (176445): Device EPM2210F256I5 is compatible
    Info (176445): Device EPM2210F256A5 is compatible
Critical Warning (169085): No exact pin location assignment(s) for 11 pins of 38 total pins. For the list of pins please refer to the I/O Assignment Warnings table in the fitter report.
Critical Warning (332012): Synopsys Design Constraints File file not found: 'main_module.sdc'. A Synopsys Design Constraints File is required by the TimeQuest Timing Analyzer to get proper timing constraints. Without it, the Compiler will not properly optimize the design.
Info (332144): No user constrained base clocks found in the design
Info (332128): Timing requirements not specified -- optimizing circuit to achieve the following default global requirements
    Info (332127): Assuming a default timing requirement
Info (332111): Found 1 clocks
    Info (332111):   Period   Clock Name
    Info (332111): ======== ============
    Info (332111):    1.000          clk
Info (186079): Completed User Assigned Global Signals Promotion Operation
Info (186215): Automatically promoted signal "clk" to use Global clock in PIN H5 File: C:/Users/neonb/Desktop/DSL_tp/tf/main_module.v Line: 3
Info (186216): Automatically promoted some destinations of signal "resetn" to use Global clock File: C:/Users/neonb/Desktop/DSL_tp/tf/main_module.v Line: 4
    Info (186217): Destination "dest_setter:mcds|btnoff1" may be non-global or may not use global clock File: C:/Users/neonb/Desktop/DSL_tp/tf/dest_setter.v Line: 68
    Info (186217): Destination "dest_setter:mcds|btnoff2" may be non-global or may not use global clock File: C:/Users/neonb/Desktop/DSL_tp/tf/dest_setter.v Line: 69
    Info (186217): Destination "dest_setter:mcds|btnoff3" may be non-global or may not use global clock File: C:/Users/neonb/Desktop/DSL_tp/tf/dest_setter.v Line: 70
    Info (186217): Destination "dest_setter:mcds|btnoff4" may be non-global or may not use global clock File: C:/Users/neonb/Desktop/DSL_tp/tf/dest_setter.v Line: 71
    Info (186217): Destination "dest_setter:mcds|btnoff5" may be non-global or may not use global clock File: C:/Users/neonb/Desktop/DSL_tp/tf/dest_setter.v Line: 72
Info (186228): Pin "resetn" drives global clock, but is not placed in a dedicated clock pin position File: C:/Users/neonb/Desktop/DSL_tp/tf/main_module.v Line: 4
Info (186215): Automatically promoted signal "dest_setter:mcds|btnoff1" to use Global clock File: C:/Users/neonb/Desktop/DSL_tp/tf/dest_setter.v Line: 68
Info (186215): Automatically promoted signal "dest_setter:mcds|btnoff2" to use Global clock File: C:/Users/neonb/Desktop/DSL_tp/tf/dest_setter.v Line: 69
Info (186079): Completed Auto Global Promotion Operation
Info (176234): Starting register packing
Info (186468): Started processing fast register assignments
Info (186469): Finished processing fast register assignments
Info (176235): Finished register packing
Info (176214): Statistics of I/O pins that need to be placed that use the same VCCIO and VREF, before I/O pin placement
    Info (176211): Number of I/O pins in group: 11 (unused VREF, 3.3V VCCIO, 0 input, 11 output, 0 bidirectional)
        Info (176212): I/O standards used: 3.3-V LVTTL.
Info (176215): I/O bank details before I/O pin placement
    Info (176214): Statistics of I/O banks
        Info (176213): I/O bank number 1 does not use VREF pins and has 3.3V VCCIO pins. 23 total pin(s) used --  28 pins available
        Info (176213): I/O bank number 2 does not use VREF pins and has undetermined VCCIO pins. 0 total pin(s) used --  53 pins available
        Info (176213): I/O bank number 3 does not use VREF pins and has undetermined VCCIO pins. 0 total pin(s) used --  55 pins available
        Info (176213): I/O bank number 4 does not use VREF pins and has 3.3V VCCIO pins. 4 total pin(s) used --  49 pins available
Warning (15705): Ignored locations or region assignments to the following nodes
    Warning (15706): Node "btncaridc[0]" is assigned to location or region, but does not exist in design
    Warning (15706): Node "btncaridc[1]" is assigned to location or region, but does not exist in design
    Warning (15706): Node "btncaridc[2]" is assigned to location or region, but does not exist in design
    Warning (15706): Node "btncaridc[3]" is assigned to location or region, but does not exist in design
    Warning (15706): Node "btncaridc[4]" is assigned to location or region, but does not exist in design
    Warning (15706): Node "btnoutidc[0]" is assigned to location or region, but does not exist in design
    Warning (15706): Node "btnoutidc[1]" is assigned to location or region, but does not exist in design
    Warning (15706): Node "btnoutidc[2]" is assigned to location or region, but does not exist in design
    Warning (15706): Node "btnoutidc[3]" is assigned to location or region, but does not exist in design
    Warning (15706): Node "btnoutidc[4]" is assigned to location or region, but does not exist in design
Info (171121): Fitter preparation operations ending: elapsed time is 00:00:00
Info (14896): Fitter has disabled Advanced Physical Optimization because it is not supported for the current family.
Info (170189): Fitter placement preparation operations beginning
Info (170190): Fitter placement preparation operations ending: elapsed time is 00:00:00
Info (170191): Fitter placement operations beginning
Info (170137): Fitter placement was successful
Info (170192): Fitter placement operations ending: elapsed time is 00:00:01
Info (170193): Fitter routing operations beginning
Info (170195): Router estimated average interconnect usage is 5% of the available device resources
    Info (170196): Router estimated peak interconnect usage is 6% of the available device resources in the region that extends from location X9_Y0 to location X17_Y11
Info (170199): The Fitter performed an Auto Fit compilation.  Optimizations were skipped to reduce compilation time.
    Info (170201): Optimizations that may affect the design's routability were skipped
Info (170194): Fitter routing operations ending: elapsed time is 00:00:00
Info (11888): Total time spent on timing analysis during the Fitter is 0.28 seconds.
Info (11218): Fitter post-fit operations ending: elapsed time is 00:00:00
Warning (171167): Found invalid Fitter assignments. See the Ignored Assignments panel in the Fitter Compilation Report for more information.
Warning (169174): The Reserve All Unused Pins setting has not been specified, and will default to 'As output driving ground'.
Info (144001): Generated suppressed messages file C:/Users/neonb/Desktop/DSL_tp/tf/output_files/main_module.fit.smsg
Info: Quartus Prime Fitter was successful. 0 errors, 17 warnings
    Info: Peak virtual memory: 5087 megabytes
    Info: Processing ended: Sun Jun 02 01:52:01 2019
    Info: Elapsed time: 00:00:05
    Info: Total CPU time (on all processors): 00:00:06


+----------------------------+
; Fitter Suppressed Messages ;
+----------------------------+
The suppressed messages can be found in C:/Users/neonb/Desktop/DSL_tp/tf/output_files/main_module.fit.smsg.


